******************************************************************************
                  TI ARM Linker Unix v18.1.2                   
******************************************************************************
>> Linked Wed Sep 19 09:36:10 2018

OUTPUT FILE NAME:   <xwr14xx_mmw_mss.xer4f>
ENTRY POINT SYMBOL: "_c_int00"  address: 000182e0


MEMORY CONFIGURATION

         name            origin    length      used     unused   attr    fill
----------------------  --------  ---------  --------  --------  ----  --------
PAGE 0:
  VECTORS               00000000   00000100  0000003c  000000c4     X
  PROG_RAM              00000100   0001ff00  0001f351  00000baf  R  X
  DATA_RAM              08000000   00010000  0000c700  00003900  RW  
  L3_RAM                51020000   00040000  00000ba8  0003f458  RW  
  HWA_RAM               52030000   00010000  00010000  00000000  RW  

PAGE 1:
  L3_RAM                51020000   00040000  00040000  00000000  RW  


SEGMENT ALLOCATION MAP

run origin  load origin   length   init length attrs members
----------  ----------- ---------- ----------- ----- -------
00000000    00000000    0000003c   0000003c    r--
  00000000    00000000    0000003c   0000003c    r-- .vecs
00000100    00000100    0001dd54   0001dd54    r-x
  00000100    00000100    0001dd54   0001dd54    r-x .text
0001de60    0001de60    00001600   00001600    r--
  0001de60    0001de60    0000116d   0000116d    r-- .const
  0001efd0    0001efd0    00000490   00000490    r-- .cinit
08000000    08000000    0000c708   00000000    rw-
  08000000    08000000    00008000   00000000    rw- systemHeap
  08008000    08008000    00002004   00000000    rw- .data
  0800a008    0800a008    00001a4c   00000000    rw- .bss
  0800ba58    0800ba58    00000800   00000000    rw- .myFiqStack
  0800c258    0800c258    000004b0   00000000    rw- .stack
51020000    51020000    00000ba8   00000ba8    r-x
  51020000    51020000    00000ba8   00000ba8    r-x .overlay
52030000    52030000    00010000   00000000    rw-
  52030000    52030000    00010000   00000000    rw- .hwaBufs
51020000    51020000    00040000   00000000    rw-
  51020000    51020000    00040000   00000000    rw- .l3ram


SECTION ALLOCATION MAP

 output                                  attributes/
section   page    origin      length       input sections
--------  ----  ----------  ----------   ----------------
systemHeap 
*          0    08000000    00008000     UNINITIALIZED
                  08000000    00008000     mmw_per4f.oer4f (systemHeap)

.overlay   0    51020000    00000ba8     
                  51020000    00000288     main.oer4f (.text:MmwDemo_initTask)
                  51020288    00000070     libmailbox_xwr14xx.aer4f : mailbox.oer4f (.text:Mailbox_init)
                  510202f8    000000df     data_path.oer4f (.text:MmwDemo_edmaInit)
                  510203d7    00000001     --HOLE-- [fill = 0]
                  510203d8    00000224     libuart_xwr14xx.aer4f : uartsci.oer4f (.text:UartSci_open)
                  510205fc    000000dc     libmmwave_xwr14xx.aer4f : mmwave.oer4f (.text:MMWave_init)
                  510206d8    00000098                             : mmwave_link.oer4f (.text:MMWave_initLink)
                  51020770    00000012     libcrc_xwr14xx.aer4f : crc.oer4f (.text:CRC_initConfigParams)
                  51020782    00000002     --HOLE-- [fill = 0]
                  51020784    000001f8                          : crc.oer4f (.text:CRC_open)
                  5102097c    0000008c     libmmwavelink_xwr14xx.aer4f : rl_device.oer4f (.text:rlDevicePowerOn)
                  51020a08    00000008                                 : rl_driver.oer4f (.tramp.rlDriverDeInit.1)
                  51020a10    00000008                                 : rl_driver.oer4f (.tramp.rlDriverInit.1)
                  51020a18    00000008                                 : rl_device.oer4f (.tramp.rlDevicePowerOff.1)
                  51020a20    00000008                                 : rl_driver.oer4f (.tramp.rlDriverGetHandle.1)
                  51020a28    00000008     libosal_xwr14xx.aer4f : MemoryP_tirtos.oer4f (.tramp.MemoryP_ctrlFree.1)
                  51020a30    00000008     libcrc_xwr14xx.aer4f : crc.oer4f (.tramp.CRC_getCRCTypeBitValue.1)
                  51020a38    00000008                          : crc.oer4f (.tramp.CSL_FINSR.1)
                  51020a40    00000008                          : crc.oer4f (.tramp.CRC_getCRCDataSelectBitValue.1)
                  51020a48    00000008     libmmwave_xwr14xx.aer4f : mmwave_link.oer4f (.tramp.MMWave_initMMWaveLink.1)
                  51020a50    00000008                             : mmwave_listlib.oer4f (.tramp.MMWave_listAdd.1)
                  51020a58    00000008                             : mmwave.oer4f (.tramp.MMWave_decodeErrorLevel.1)
                  51020a60    00000008                             : mmwave.oer4f (.tramp.MMWave_encodeError.1)
                  51020a68    00000008                             : mmwave_xwr14xx.oer4f (.tramp.MMWave_deviceInitFxn.1)
                  51020a70    00000008     rtsv7R4_T_le_v3D16_eabi.lib : memcpy_t2.asm.obj (.tramp.memcpy.2)
                  51020a78    00000008     libosal_xwr14xx.aer4f : HwiP_tirtos.oer4f (.tramp.HwiP_create.1)
                  51020a80    00000008                           : HwiP_tirtos.oer4f (.tramp.HwiP_Params_init.1)
                  51020a88    00000008     libuart_xwr14xx.aer4f : uartsci.oer4f (.tramp.CSL_FINSR.1)
                  51020a90    00000008     libosal_xwr14xx.aer4f : SemaphoreP_tirtos.oer4f (.tramp.SemaphoreP_create.1)
                  51020a98    00000008                           : SemaphoreP_tirtos.oer4f (.tramp.SemaphoreP_Params_init.1)
                  51020aa0    00000008                           : MemoryP_tirtos.oer4f (.tramp.MemoryP_ctrlAlloc.1)
                  51020aa8    00000008     main.oer4f (.tramp._MmwDemo_debugAssert.1)
                  51020ab0    00000008     libedma_xwr14xx.aer4f : edma.oer4f (.tramp.EDMA_init.1)
                  51020ab8    00000008                           : edma.oer4f (.tramp.EDMA_getNumInstances.1)
                  51020ac0    00000008     libosal_xwr14xx.aer4f : HwiP_tirtos.oer4f (.tramp.HwiP_restore.1)
                  51020ac8    00000008                           : HwiP_tirtos.oer4f (.tramp.HwiP_disable.1)
                  51020ad0    00000008                           : DebugP_tirtos.oer4f (.tramp._DebugP_assert.1)
                  51020ad8    00000008     mmw_cli.oer4f (.tramp.MmwDemo_CLIInit.1)
                  51020ae0    00000008     mmw_per4f.oer4f (.tramp.ti_sysbios_knl_Semaphore_create.1)
                  51020ae8    00000008     mmw_per4f.oer4f (.tramp.ti_sysbios_knl_Semaphore_Params__init__S.1)
                  51020af0    00000008     cli.oer4f (.tramp.CLI_write.1)
                  51020af8    00000008     libsoc_xwr14xx.aer4f : soc.oer4f (.tramp.SOC_registerSysIntListener.1)
                  51020b00    00000008     sensor_mgmt.oer4f (.tramp.MmwDemo_sensorMgmtInit.1)
                  51020b08    00000008     mmw_per4f.oer4f (.tramp.ti_sysbios_knl_Task_create.1)
                  51020b10    00000008     mmw_per4f.oer4f (.tramp.ti_sysbios_knl_Task_Params__init__S.1)
                  51020b18    00000008     sysbios.aer4f : BIOS.obj (.tramp.ti_sysbios_family_arm_v7a_Pmu_startCounter__E.1)
                  51020b20    00000008                   : BIOS.obj (.tramp.ti_sysbios_family_arm_v7a_Pmu_configureCounter__E.1)
                  51020b28    00000008     main.oer4f (.tramp.MmwDemo_ADCBufOpen.1)
                  51020b30    00000008     data_path.oer4f (.tramp.MmwDemo_edmaOpen.1)
                  51020b38    00000008     data_path.oer4f (.tramp.MmwDemo_hwaOpen.1)
                  51020b40    00000008     libmmwave_xwr14xx.aer4f : mmwave.oer4f (.tramp.MMWave_sync.1)
                  51020b48    00000008     rtsv7R4_T_le_v3D16_eabi.lib : memset_t2.asm.obj (.tramp.memset.2)
                  51020b50    00000008     libuart_xwr14xx.aer4f : UART.oer4f (.tramp.UART_open.1)
                  51020b58    00000008                           : UART.oer4f (.tramp.UART_Params_init.1)
                  51020b60    00000008     data_path.oer4f (.tramp.MmwDemo_hwaInit.1)
                  51020b68    00000008     libadcbuf_xwr14xx.aer4f : ADCBuf.oer4f (.tramp.ADCBuf_init.1)
                  51020b70    00000008     data_path.oer4f (.tramp.MmwDemo_dataPathObjInit.1)
                  51020b78    00000008     libgpio_xwr14xx.aer4f : gpio.oer4f (.tramp.GPIO_init.1)
                  51020b80    00000008     libuart_xwr14xx.aer4f : UART.oer4f (.tramp.UART_init.1)
                  51020b88    00000008     main.oer4f (.tramp.Can_Initialize.1)
                  51020b90    00000008     libpinmux_xwr14xx.aer4f : pinmux.oer4f (.tramp.Pinmux_Set_FuncSel.1)
                  51020b98    00000008                             : pinmux.oer4f (.tramp.Pinmux_Set_OverrideCtrl.1)
                  51020ba0    00000008     mmw_per4f.oer4f (.tramp.xdc_runtime_System_printf__E.1)

.hwaBufs   0    52030000    00010000     UNINITIALIZED
                  52030000    00010000     data_path.oer4f (.hwaBufs)

.l3ram     1    51020000    00040000     UNINITIALIZED
                  51020000    00040000     main.oer4f (.l3ram)

.text      0    00000100    0001dd54     
                  00000100    00000a36     rtsv7R4_T_le_v3D16_eabi.lib : _printfi.c.obj (.text:__TI_printfi)
                  00000b36    00000002     libadcbuf_xwr14xx.aer4f : adcbuf_mmwave.oer4f (.text:ADCBUF_MMWave_init)
                  00000b38    00000604     rtsv7R4_T_le_v3D16_eabi.lib : k_rem_pio2.c.obj (.text:__kernel_rem_pio2)
                  0000113c    0000058e     libhwa_xwr14xx.aer4f : hwa.oer4f (.text:HWA_configParamSet)
                  000016ca    00000006     libedma_xwr14xx.aer4f : edma_low_level.oer4f (.text:EDMA3ClrCCErr)
                  000016d0    00000570     sysbios.aer4f : BIOS.obj (.text:ti_sysbios_knl_Event_pend__E)
                  00001c40    00000540     ti.targets.arm.rtsarm.aer4f : System.oer4f (.text:xdc_runtime_System_doPrint__I)
                  00002180    000004c0     sysbios.aer4f : BIOS.obj (.text:ti_sysbios_knl_Semaphore_pend__E)
                  00002640    000004ad     config_hwa_util.oer4f (.text:HWAutil_configDopplerFFT)
                  00002aed    00000001     --HOLE-- [fill = 0]
                  00002aee    00000002     libhwa_xwr14xx.aer4f : hwa.oer4f (.text:HWA_init)
                  00002af0    0000047c     main.oer4f (.text:MmwDemo_parseProfileAndChirpConfig)
                  00002f6c    00000004     cli.oer4f (.text:CLI_task)
                  00002f70    00000440     sysbios.aer4f : BIOS.obj (.text:ti_sysbios_knl_Task_Instance_finalize__E)
                  000033b0    00000438     data_path.oer4f (.text:MmwDemo_config2D_EDMA)
                  000037e8    0000042c     libadcbuf_xwr14xx.aer4f : adcbuf_mmwave.oer4f (.text:ADCBUF_MMWave_control)
                  00003c14    000003f4     rtsv7R4_T_le_v3D16_eabi.lib : s_cos.c.obj (.text:cos)
                  00004008    000003f4                                 : s_sin.c.obj (.text:sin)
                  000043fc    000003ec     data_path.oer4f (.text:MmwDemo_processAngle)
                  000047e8    000003e8     rtsv7R4_T_le_v3D16_eabi.lib : strtod.c.obj (.text:strtod)
                  00004bd0    00000370     sysbios.aer4f : BIOS.obj (.text:ti_sysbios_heaps_HeapMem_freeUnprotected__E)
                  00004f40    00000354                   : BIOS.obj (.text:ti_sysbios_timers_rti_Timer_Module_startup__E)
                  00005294    00000308     main.oer4f (.text:MmwDemo_transmitProcessedOutput)
                  0000559c    00000004     libcan_xwr14xx.aer4f : dcan.oer4f (.text:DCANGetErrStatus)
                  000055a0    00000308     sysbios.aer4f : BIOS.obj (.text:ti_sysbios_knl_Task_sleep__E)
                  000058a8    00000008     libosal_xwr14xx.aer4f : HwiP_tirtos.oer4f (.text:HwiP_disable)
                  000058b0    00000304     sysbios.aer4f : BIOS.obj (.text:ti_sysbios_heaps_HeapMem_allocUnprotected__E)
                  00005bb4    00000300     libcbuff_xwr14xx.aer4f : cbuff.oer4f (.text:CBUFF_createSession)
                  00005eb4    0000000c     libedma_xwr14xx.aer4f : edma_low_level.oer4f (.text:EDMA3ChannelToParamMap)
                  00005ec0    000002fc     sysbios.aer4f : BIOS.obj (.text:ti_sysbios_family_arm_exc_Exception_excDumpContext__I)
                  000061bc    00000004     libedma_xwr14xx.aer4f : edma.oer4f (.text:EDMA_getNumInstances)
                  000061c0    000002fc     sysbios.aer4f : BIOS.obj (.text:ti_sysbios_knl_Task_Instance_init__E)
                  000064bc    000002f0     rx_ch_bias_measure.oer4f (.text:MmwDemo_rangeBiasRxChPhaseMeasure)
                  000067ac    000002d0     main.oer4f (.text:Can_Initialize)
                  00006a7c    000002c8     main.oer4f (.text:DCANAppCalcBitTimeParams)
                  00006d44    000002c4     mmw_cli.oer4f (.text:MmwDemo_CLIInit)
                  00007008    000002b8     rtsv7R4_T_le_v3D16_eabi.lib : ull_div32.asm.obj (.text)
                  000072c0    000002a8     sysbios.aer4f : BIOS.obj (.text:ti_sysbios_knl_Task_schedule__I)
                  00007568    00000008     libmmwave_xwr14xx.aer4f : mmwave_xwr14xx.oer4f (.text:MMWave_deviceGetDeviceInfo)
                  00007570    00000290     sysbios.aer4f : BIOS.obj (.text:ti_sysbios_family_arm_v7r_vim_Hwi_dispatchIRQC__I)
                  00007800    00000288     libhsiheader_xwr14xx.aer4f : hsiheader.oer4f (.text:HSIHeader_createHeader)
                  00007a88    00000008     libmmwave_xwr14xx.aer4f : mmwave_link.oer4f (.text:MMWave_mboxCallbackFxn)
                  00007a90    00000280     sysbios.aer4f : BIOS.obj (.text:ti_sysbios_family_arm_exc_Exception_excHandler__I)
                  00007d10    00000258     data_path.oer4f (.text:MmwDemo_dataPathConfigCommon)
                  00007f68    0000024c     main.oer4f (.text:MmwDemo_dataPathTask)
                  000081b4    00000248     rtsv7R4_T_le_v3D16_eabi.lib : _printfi.c.obj (.text:_pconv_a)
                  000083fc    00000240     cli_mmwave.oer4f (.text:CLI_MMWaveProfileCfg)
                  0000863c    00000234     data_path.oer4f (.text:MmwDemo_dcRangeSignatureCompensation)
                  00008870    00000224     main.oer4f (.text:MmwDemo_dataPathConfigCQ)
                  00008a94    0000021c     libsoc_xwr14xx.aer4f : soc_xwr14xx.oer4f (.text:SOC_deviceInit)
                  00008cb0    0000021a     post_processing.oer4f (.text:MmwDemo_peakGrouping)
                  00008eca    00000002     libmmwave_xwr14xx.aer4f : mmwave_xwr14xx.oer4f (.text:MMWave_deviceEventFxn)
                  00008ecc    00000218     post_processing.oer4f (.text:MmwDemo_XYZestimation)
                  000090e4    00000215     config_hwa_util.oer4f (.text:HWAutil_configAngleEstAzimuthElevation)
                  000092f9    00000001     --HOLE-- [fill = 0]
                  000092fa    00000006     libedma_xwr14xx.aer4f : edma_low_level.oer4f (.text:EDMA3ErrIntrHighStatusGet)
                  00009300    00000214     sysbios.aer4f : BIOS.obj (.text:ti_sysbios_knl_Event_post__E)
                  00009514    0000020a     libcbuff_xwr14xx.aer4f : cbuff_transfer.oer4f (.text:CBUFF_addLinkedList)
                  0000971e    00000002     libmmwave_xwr14xx.aer4f : mmwave_link.oer4f (.text:MMWave_maskHostIRQ)
                  00009720    00000205     config_hwa_util.oer4f (.text:HWAutil_configRangeFFT)
                  00009925    00000001     --HOLE-- [fill = 0]
                  00009926    00000002     libuart_xwr14xx.aer4f : uartsci.oer4f (.text:UartSci_init)
                  00009928    00000200     rtsv7R4_T_le_v3D16_eabi.lib : e_log10.c.obj (.text:log10)
                  00009b28    00000008     data_path.oer4f (.text:MmwDemo_dataPathHwaDoneIsrCallback)
                  00009b30    000001f8     sysbios.aer4f : BIOS.obj (.text:ti_sysbios_heaps_HeapMem_Instance_init__E)
                  00009d28    000001f2     libhwa_xwr14xx.aer4f : hwa.oer4f (.text:HWA_configCommon)
                  00009f1a    00000002     rtsv7R4_T_le_v3D16_eabi.lib : _lock.c.obj (.text:_nop)
                  00009f1c    000001e8     mmw_lvds_stream.oer4f (.text:MmwDemo_LVDSStreamHwConfig)
                  0000a104    0000000c     libedma_xwr14xx.aer4f : edma_low_level.oer4f (.text:EDMAsetRegion)
                  0000a110    000001e4     sysbios.aer4f : BIOS.obj (.text:ti_sysbios_family_arm_v7r_vim_Hwi_reconfig__E)
                  0000a2f4    0000000c     libmmwave_xwr14xx.aer4f : mmwave_osal.oer4f (.text:MMWave_osalMutexUnlock)
                  0000a300    000001e4     sysbios.aer4f : BIOS.obj (.text:ti_sysbios_knl_Semaphore_post__E)
                  0000a4e4    000001cc     main.oer4f (.text:MmwDemo_ADCBufConfig)
                  0000a6b0    000001c8     main.oer4f (.text:DCANAppCallback)
                  0000a878    000001c4     cli_mmwave.oer4f (.text:CLI_MMWaveChirpCfg)
                  0000aa3c    00000004     libosal_xwr14xx.aer4f : HwiP_tirtos.oer4f (.text:HwiP_disableInterrupt)
                  0000aa40    000001c4     sysbios.aer4f : BIOS.obj (.text:ti_sysbios_knl_Clock_workFunc__E)
                  0000ac04    000001c4     ti.targets.arm.rtsarm.aer4f : Error.oer4f (.text:xdc_runtime_Error_policyDefault__E)
                  0000adc8    000001c0     libcbuff_xwr14xx.aer4f : cbuff_edma.oer4f (.text:CBUFF_configEDMA)
                  0000af88    000001bc     rtsv7R4_T_le_v3D16_eabi.lib : e_atan2.c.obj (.text:atan2)
                  0000b144    000001a8     libcbuff_xwr14xx.aer4f : cbuff.oer4f (.text:CBUFF_activateSession)
                  0000b2ec    000001a8     rtsv7R4_T_le_v3D16_eabi.lib : _printfi.c.obj (.text:_pconv_g)
                  0000b494    000001a8                                 : s_atan.c.obj (.text:atan)
                  0000b63c    000001a4     cli_mmwave.oer4f (.text:CLI_MMWaveSubFrameCfg)
                  0000b7e0    000001a1     cli_mmwave.oer4f (.text:CLI_MMWaveVersion)
                  0000b981    00000001     --HOLE-- [fill = 0]
                  0000b982    0000000e     libadcbuf_xwr14xx.aer4f : ADCBuf.oer4f (.text:ADCBuf_Params_init)
                  0000b990    000001a0     sysbios.aer4f : BIOS.obj (.text:ti_sysbios_family_arm_v7r_vim_Hwi_initIntController__I)
                  0000bb30    00000198     libmmwavelink_xwr14xx.aer4f : rl_driver.oer4f (.text:rlDriverCmdInvoke)
                  0000bcc8    00000008     libosal_xwr14xx.aer4f : SemaphoreP_tirtos.oer4f (.text:SemaphoreP_Params_init)
                  0000bcd0    00000194     sysbios.aer4f : BIOS.obj (.text:ti_sysbios_knl_Task_postInit__I)
                  0000be64    0000018e     post_processing.oer4f (.text:angleEstimationAzimElev)
                  0000bff2    00000002     rtsv7R4_T_le_v3D16_eabi.lib : div0.asm.obj (.text)
                  0000bff4    0000018c     main.oer4f (.text:MmwDemo_eventCallbackFxn)
                  0000c180    0000018c     sysbios.aer4f : BIOS.obj (.text:ti_sysbios_family_arm_v7r_vim_Hwi_Instance_init__E)
                  0000c30c    00000004     libosal_xwr14xx.aer4f : HwiP_tirtos.oer4f (.text:HwiP_enableInterrupt)
                  0000c310    0000018c     sysbios.aer4f : BIOS.obj (.text:ti_sysbios_knl_Task_startCore__E)
                  0000c49c    00000188     libhwa_xwr14xx.aer4f : hwa.oer4f (.text:HWA_open)
                  0000c624    00000188     mmw_per4f.oer4f (.text:xdc_runtime_System_printfExtend__I)
                  0000c7ac    00000184     libmmwavelink_xwr14xx.aer4f : rl_driver.oer4f (.text:rlDriverRxHdrRead)
                  0000c930    0000017c     ti.targets.arm.rtsarm.aer4f : Core-mem.oer4f (.text:xdc_runtime_Core_createObject__I)
                  0000caac    00000004     libmmwave_xwr14xx.aer4f : mmwave_xwr14xx.oer4f (.text:MMWave_deviceCfgFxn)
                  0000cab0    00000174     sysbios.aer4f : BIOS.obj (.text:ti_sysbios_knl_Task_exit__E)
                  0000cc24    00000170     libedma_xwr14xx.aer4f : edma.oer4f (.text:EDMA_open)
                  0000cd94    00000170     libgpio_xwr14xx.aer4f : gpio.oer4f (.text:GPIO_setConfig)
                  0000cf04    00000170     mmw_lvds_stream.oer4f (.text:MmwDemo_LVDSStreamSwConfig)
                  0000d074    0000000c     libmmwave_xwr14xx.aer4f : mmwave_osal.oer4f (.text:MMWave_osalSemSignal)
                  0000d080    00000170     sysbios.aer4f : BIOS.obj (.text:ti_sysbios_family_arm_v7r_vim_Hwi_Module_startup__E)
                  0000d1f0    00000170                   : BIOS.obj (.text:ti_sysbios_heaps_HeapBuf_Module_startup__E)
                  0000d360    00000170                   : BIOS.obj (.text:ti_sysbios_utils_Load_updateLoads__E)
                  0000d4d0    00000160     libmailbox_xwr14xx.aer4f : mailbox.oer4f (.text:Mailbox_open)
                  0000d630    0000015c     data_path.oer4f (.text:MmwDemo_rxChanPhaseBiasCompensation)
                  0000d78c    00000158     ti.targets.arm.rtsarm.aer4f : Startup.oer4f (.text:xdc_runtime_Startup_startMods__I)
                  0000d8e4    00000154     libedma_xwr14xx.aer4f : edma.oer4f (.text:EDMA_error_isr)
                  0000da38    00000008     rtsv7R4_T_le_v3D16_eabi.lib : errno.c.obj (.text:__aeabi_errno_addr)
                  0000da40    00000154     sysbios.aer4f : BIOS.obj (.text:ti_sysbios_utils_Load_updateThreadContexts__E)
                  0000db94    00000150     libmmwave_xwr14xx.aer4f : mmwave_link.oer4f (.text:MMWave_initMMWaveLink)
                  0000dce4    0000014c     cli_mmwave.oer4f (.text:CLI_MMWaveFrameCfg)
                  0000de30    0000014c     mmw_cli.oer4f (.text:MmwDemo_CLICalibDcRangeSig)
                  0000df7c    0000014c     data_path.oer4f (.text:MmwDemo_config1D_EDMA)
                  0000e0c8    00000144     cli.oer4f (.text:CLI_ByPassApi)
                  0000e20c    00000144     ti.targets.arm.rtsarm.aer4f : Core-smem.oer4f (.text:xdc_runtime_Core_constructObject__I)
                  0000e350    00000140     sysbios.aer4f : BIOS.obj (.text:ti_sysbios_knl_Task_unblockI__E)
                  0000e490    0000013e     libuart_xwr14xx.aer4f : uartsci.oer4f (.text:UartSci_ISR)
                  0000e5ce    00000002     --HOLE-- [fill = 0]
                  0000e5d0    0000013c     libedma_xwr14xx.aer4f : edma.oer4f (.text:EDMA_configChannel)
                  0000e70c    00000004     libmmwave_xwr14xx.aer4f : mmwave_xwr14xx.oer4f (.text:MMWave_deviceExecuteFxn)
                  0000e710    00000138     sysbios.aer4f : BIOS.obj (.text:ti_sysbios_family_arm_v7a_Pmu_configureCounter__E)
                  0000e848    00000008     libmmwavelink_xwr14xx.aer4f : rl_driver.oer4f (.text:rlDriverGetHandle)
                  0000e850    00000130     sysbios.aer4f : BIOS.obj (.text:ti_sysbios_timers_rti_Timer_getFreq__E)
                  0000e980    0000012f     config_hwa_util.oer4f (.text:HWAutil_configDopplerFFTSingleRangeBin)
                  0000eaaf    00000001     --HOLE-- [fill = 0]
                  0000eab0    0000012c     sensor_mgmt.oer4f (.text:MmwDemo_doSensorStop)
                  0000ebdc    00000129     config_hwa_util.oer4f (.text:HWAutil_configCFAR)
                  0000ed05    00000003     --HOLE-- [fill = 0]
                  0000ed08    00000128     cli_mmwave.oer4f (.text:CLI_MMWaveContModeCfg)
                  0000ee30    00000128     libmmwavelink_xwr14xx.aer4f : rl_driver.oer4f (.text:rlDriverMsgRead)
                  0000ef58    00000124     cli_mmwave.oer4f (.text:CLI_MMWaveAdvFrameCfg)
                  0000f07c    00000124     libedma_xwr14xx.aer4f : edma.oer4f (.text:EDMA_init)
                  0000f1a0    00000124     sysbios.aer4f : BIOS.obj (.text:ti_sysbios_gates_GateMutex_enter__E)
                  0000f2c4    0000000c     rtsv7R4_T_le_v3D16_eabi.lib : _lock.c.obj (.text:_register_lock)
                  0000f2d0    00000124     sysbios.aer4f : BIOS.obj (.text:ti_sysbios_utils_Load_taskCreateHook__E)
                  0000f3f4    0000011a     config_edma_util.oer4f (.text:EDMAutil_configHwaTranspose)
                  0000f50e    00000002     --HOLE-- [fill = 0]
                  0000f510    00000118     sysbios.aer4f : BIOS.obj (.text:ti_sysbios_timers_rti_Timer_startup__E)
                  0000f628    00000008     mmw_per4f.oer4f (.text:ti_sysbios_family_arm_TaskSupport_Module__startupDone__S)
                  0000f630    00000118     sysbios.aer4f : BIOS.obj (.text:ti_sysbios_utils_Load_logLoads__I)
                  0000f748    00000114     mmw_cli.oer4f (.text:MmwDemo_CLICompRangeBiasAndRxChanPhaseCfg)
                  0000f85c    00000114     main.oer4f (.text:MmwDemo_dataPathConfig)
                  0000f970    00000114     libmmwavelink_xwr14xx.aer4f : rl_driver.oer4f (.text:rlDriverCmdSendRetry)
                  0000fa84    0000000c     rtsv7R4_T_le_v3D16_eabi.lib : _lock.c.obj (.text:_register_unlock)
                  0000fa90    00000114     sysbios.aer4f : BIOS.obj (.text:ti_sysbios_utils_Load_idleFxn__E)
                  0000fba4    00000110     libedma_xwr14xx.aer4f : edma.oer4f (.text:EDMA_transferComplete_isr)
                  0000fcb4    00000110     data_path.oer4f (.text:MmwDemo_configAngleEstimation_HWA)
                  0000fdc4    00000110     sensor_mgmt.oer4f (.text:MmwDemo_doSensorOpen)
                  0000fed4    00000110     sensor_mgmt.oer4f (.text:MmwDemo_sensorMgmtTask)
                  0000ffe4    0000010c     data_path.oer4f (.text:MmwDemo_configCFAR_EDMA)
                  000100f0    0000010b     data_path.oer4f (.text:MmwDemo_dataPathCfgBuffers)
                  000101fb    00000001     --HOLE-- [fill = 0]
                  000101fc    00000108     libcan_xwr14xx.aer4f : dcan.oer4f (.text:DCANConfigMsgObj)
                  00010304    00000108     libmailbox_xwr14xx.aer4f : mailbox.oer4f (.text:Mailbox_write)
                  0001040c    00000004     libmmwave_xwr14xx.aer4f : mmwave_xwr14xx.oer4f (.text:MMWave_deviceInitFxn)
                  00010410    00000108     sysbios.aer4f : BIOS.obj (.text:ti_sysbios_knl_Semaphore_Instance_init__E)
                  00010518    00000105     config_edma_util.oer4f (.text:EDMAutil_configSyncAwithChaining)
                  0001061d    00000003     --HOLE-- [fill = 0]
                  00010620    00000104     rtsv7R4_T_le_v3D16_eabi.lib : _printfi.c.obj (.text:_pconv_e)
                  00010724    00000102     config_edma_util.oer4f (.text:EDMAutil_configHwaContiguous)
                  00010826    00000002     --HOLE-- [fill = 0]
                  00010828    00000100     libcan_xwr14xx.aer4f : can.oer4f (.text:CAN_init)
                  00010928    00000100     cli_mmwave.oer4f (.text:CLI_MMWaveBPMCfgAdvanced)
                  00010a28    00000100     libmmwave_xwr14xx.aer4f : mmwave_link.oer4f (.text:MMWave_openLink)
                  00010b28    00000100                             : mmwave_link.oer4f (.text:MMWave_startLink)
                  00010c28    00000100     libmmwavelink_xwr14xx.aer4f : rl_driver.oer4f (.text:rlDriverInit)
                  00010d28    000000fc     libcbuff_xwr14xx.aer4f : cbuff.oer4f (.text:CBUFF_deleteSession)
                  00010e24    000000fc     libcrc_xwr14xx.aer4f : crc.oer4f (.text:CRC_computeSignature)
                  00010f20    000000fc     libcan_xwr14xx.aer4f : dcan.oer4f (.text:DCANConfig)
                  0001101c    000000fc     data_path.oer4f (.text:MmwDemo_config1D_HWA)
                  00011118    000000fc     data_path.oer4f (.text:MmwDemo_config2D_HWA)
                  00011214    000000fc     rtsv7R4_T_le_v3D16_eabi.lib : _printfi.c.obj (.text:fcvt)
                  00011310    000000fc     sysbios.aer4f : BIOS.obj (.text:ti_sysbios_knl_Task_blockI__E)
                  0001140c    000000f8     post_processing.oer4f (.text:MmwDemo_dopplerCompensation)
                  00011504    000000f8     libmmwavelink_xwr14xx.aer4f : rl_driver.oer4f (.text:rlDriverRdVerifyMsg)
                  000115fc    000000f2     ti.targets.arm.rtsarm.aer4f : Text.oer4f (.text:xdc_runtime_Text_putSite__E)
                  000116ee    00000002     --HOLE-- [fill = 0]
                  000116f0    000000f0     rtsv7R4_T_le_v3D16_eabi.lib : s_scalbn.c.obj (.text:scalbn)
                  000117e0    000000ec     auto_init.aer4f : auto_init.oer4f (.text)
                  000118cc    000000ea     config_hwa_util.oer4f (.text:HWAutil_configAngleEstAzimuth)
                  000119b6    00000002     --HOLE-- [fill = 0]
                  000119b8    000000e8     cli.oer4f (.text:CLI_open)
                  00011aa0    000000e6     main.oer4f (.text:MmwDemo_EDMA_CQTransferCompletionCallbackFxn)
                  00011b86    00000002     --HOLE-- [fill = 0]
                  00011b88    000000e4     libmmwave_xwr14xx.aer4f : mmwave_link.oer4f (.text:MMWave_asyncEventHandler)
                  00011c6c    00000004                             : mmwave_xwr14xx.oer4f (.text:MMWave_deviceOpenFxn)
                  00011c70    000000e4     sysbios.aer4f : BIOS.obj (.text:ti_sysbios_knl_Task_Module_startup__E)
                  00011d54    000000e4     ti.targets.arm.rtsarm.aer4f : Text.oer4f (.text:xdc_runtime_Text_putMod__E)
                  00011e38    000000e2     libedma_xwr14xx.aer4f : edma.oer4f (.text:EDMA_paramConfig_assist)
                  00011f1a    00000002     --HOLE-- [fill = 0]
                  00011f1c    000000e0     libcan_xwr14xx.aer4f : dcan.oer4f (.text:DCANTransmitData)
                  00011ffc    000000e0     sensor_mgmt.oer4f (.text:MmwDemo_doSensorStart)
                  000120dc    000000e0     rtsv7R4_T_le_v3D16_eabi.lib : s_floor.c.obj (.text:floor)
                  000121bc    00000004     libmmwave_xwr14xx.aer4f : mmwave_xwr14xx.oer4f (.text:MMWave_deviceStartFxn)
                  000121c0    000000e0     sysbios.aer4f : BIOS.obj (.text:ti_sysbios_family_arm_v7a_Pmu_getCount__E)
                  000122a0    000000e0                   : BIOS.obj (.text:ti_sysbios_family_arm_v7a_Pmu_startCounter__E)
                  00012380    000000dc     libcbuff_xwr14xx.aer4f : cbuff_transfer.oer4f (.text:CBUFF_setupNonInterleaved_ADC_CP)
                  0001245c    000000dc     libmailbox_xwr14xx.aer4f : mailbox.oer4f (.text:Mailbox_read)
                  00012538    000000dc     data_path.oer4f (.text:MmwDemo_configCFAR_HWA)
                  00012614    000000dc     main.oer4f (.text:MmwDemo_dataPathConfigCQEdma)
                  000126f0    000000dc     rtsv7R4_T_le_v3D16_eabi.lib : s_ceil.c.obj (.text:ceil)
                  000127cc    000000dc                                 : setvbuf.c.obj (.text:setvbuf)
                  000128a8    000000da     config_edma_util.oer4f (.text:EDMAutil_configHwaOneHotSignature)
                  00012982    00000002     --HOLE-- [fill = 0]
                  00012984    000000d8     libadcbuf_xwr14xx.aer4f : adcbuf_mmwave.oer4f (.text:ADCBUF_MMWave_open)
                  00012a5c    000000d8     libedma_xwr14xx.aer4f : edma.oer4f (.text:EDMA_configErrorMonitoring)
                  00012b34    000000d4     libsoc_xwr14xx.aer4f : soc_xwr14xx.oer4f (.text:SOC_setPeripheralClock)
                  00012c08    000000d4     libmmwavelink_xwr14xx.aer4f : rl_sensor.oer4f (.text:rlSetMultiBpmChirpConfig)
                  00012cdc    000000d0     libcbuff_xwr14xx.aer4f : cbuff_transfer.oer4f (.text:CBUFF_setupNonInterleaved_CP_ADC_CQ_USER)
                  00012dac    000000d0     sysbios.aer4f : exc_Exception_asm.obj (.text:ti_sysbios_family_arm_exc_Exception_excHandlerAsm__I)
                  00012e7c    000000cc     libedma_xwr14xx.aer4f : edma.oer4f (.text:EDMA_transferController_error_isr)
                  00012f48    000000cc     mmw_cli.oer4f (.text:MmwDemo_CLIPeakGroupingCfg)
                  00013014    000000cc     libmmwavelink_xwr14xx.aer4f : rl_sensor.oer4f (.text:rlSetChirpConfig)
                  000130e0    000000cc     sysbios.aer4f : BIOS.obj (.text:ti_sysbios_timers_rti_Timer_initDevice__I)
                  000131ac    000000c8     libcbuff_xwr14xx.aer4f : cbuff_transfer.oer4f (.text:CBUFF_setupNonInterleaved_CP_ADC)
                  00013274    000000c8     main.oer4f (.text:Can_Transmit_Schedule)
                  0001333c    000000c8     libmmwave_xwr14xx.aer4f : mmwave_fullcfg.oer4f (.text:MMWave_addChirp)
                  00013404    000000c8                             : mmwave_link.oer4f (.text:MMWave_configBPM)
                  000134cc    000000c8                             : mmwave_fullcfg.oer4f (.text:MMWave_flushCfg)
                  00013594    000000c8                             : mmwave_fullcfg.oer4f (.text:MMWave_getChirpHandle)
                  0001365c    000000c8     main.oer4f (.text:main)
                  00013724    0000000c     rtsv7R4_T_le_v3D16_eabi.lib : copy_zero_init.c.obj (.text:decompress:ZI:__TI_zero_init)
                  00013730    000000c8     sysbios.aer4f : BIOS.obj (.text:ti_sysbios_utils_Load_startup__E)
                  000137f8    000000c6     rx_ch_bias_measure.oer4f (.text:MmwDemo_quadFit)
                  000138be    00000002     --HOLE-- [fill = 0]
                  000138c0    000000c4     libcbuff_xwr14xx.aer4f : cbuff_transfer.oer4f (.text:CBUFF_setupInterleaved_CP_ADC_CQ_USER)
                  00013984    000000c4                            : cbuff_transfer.oer4f (.text:CBUFF_setupNonInterleaved_CP_ADC_CQ)
                  00013a48    000000c4     cli.oer4f (.text:CLI_help)
                  00013b0c    000000c4     main.oer4f (.text:MmwDemo_measurementResultOutput)
                  00013bd0    000000c4     sensor_mgmt.oer4f (.text:MmwDemo_sensorMgmtInit)
                  00013c94    0000000c     rtsv7R4_T_le_v3D16_eabi.lib : fputc.c.obj (.text:putchar)
                  00013ca0    000000c4     sysbios.aer4f : BIOS.obj (.text:ti_sysbios_family_arm_v7r_vim_Hwi_Instance_finalize__E)
                  00013d64    000000c2     libcan_xwr14xx.aer4f : can.oer4f (.text:CAN_DCANInt0Isr)
                  00013e26    00000002     --HOLE-- [fill = 0]
                  00013e28    000000c0     post_processing.oer4f (.text:MmwDemo_azimHeapMapDopplerCompensation)
                  00013ee8    000000c0     libmmwavelink_xwr14xx.aer4f : rl_sensor.oer4f (.text:rlSetFrameConfig)
                  00013fa8    000000be     libhwa_xwr14xx.aer4f : hwa.oer4f (.text:HWA_enableParamSetInterrupt)
                  00014066    00000002     --HOLE-- [fill = 0]
                  00014068    000000be     data_path.oer4f (.text:MmwDemo_configDetectedObj2DFFT_HWA)
                  00014126    00000002     --HOLE-- [fill = 0]
                  00014128    000000bc     libcbuff_xwr14xx.aer4f : cbuff_transfer.oer4f (.text:CBUFF_setupTransfer)
                  000141e4    000000bc     libgpio_xwr14xx.aer4f : gpio.oer4f (.text:GPIO_write)
                  000142a0    000000bc     libmmwave_xwr14xx.aer4f : mmwave_link.oer4f (.text:MMWave_computeCRC)
                  0001435c    000000bc     sensor_mgmt.oer4f (.text:MmwDemo_sensorStateStop)
                  00014418    00000008     sysbios.aer4f : a15_TimestampProvider_asm.obj (.text:ti_sysbios_family_arm_a15_TimestampProvider_get32__E)
                  00014420    000000bc                   : BIOS.obj (.text:ti_sysbios_utils_Load_taskDeleteHook__E)
                  000144dc    000000b8     sensor_mgmt.oer4f (.text:MmwDemo_sensorStateStopPending)
                  00014594    000000b8     libmmwavelink_xwr14xx.aer4f : rl_driver.oer4f (.text:rlDriverMsgWrite)
                  0001464c    000000b6     libsoc_xwr14xx.aer4f : soc_mpu.o (.text)
                  00014702    00000002     --HOLE-- [fill = 0]
                  00014704    000000b4     libedma_xwr14xx.aer4f : edma.oer4f (.text:EDMA_startTransfer)
                  000147b8    000000b4     rtsv7R4_T_le_v3D16_eabi.lib : k_cos.c.obj (.text:__kernel_cos)
                  0001486c    000000b4     ti.targets.arm.rtsarm.aer4f : Memory.oer4f (.text:xdc_runtime_Memory_alloc__E)
                  00014920    000000b0     libcbuff_xwr14xx.aer4f : cbuff.oer4f (.text:CBUFF_deactivateSession)
                  000149d0    000000b0                            : cbuff_transfer.oer4f (.text:CBUFF_setupInterleaved_CP_ADC_CQ)
                  00014a80    000000b0     libmmwave_xwr14xx.aer4f : mmwave_fullcfg.oer4f (.text:MMWave_addProfile)
                  00014b30    000000b0     mmw_cli.oer4f (.text:MmwDemo_CLIChirpQualityRxSatMonCfg)
                  00014be0    000000b0     libmmwavelink_xwr14xx.aer4f : rl_sensor.oer4f (.text:rlSetProfileConfig)
                  00014c90    000000ad     rtsv7R4_T_le_v3D16_eabi.lib : _printfi.c.obj (.text:_ltostr)
                  00014d3d    00000003     --HOLE-- [fill = 0]
                  00014d40    000000ac     libcan_xwr14xx.aer4f : can.oer4f (.text:CAN_createMsgObject)
                  00014dec    000000ac                          : dcan.oer4f (.text:DCANGetData)
                  00014e98    000000ac     libesm_xwr14xx.aer4f : esm.oer4f (.text:ESM_processInterrupt)
                  00014f44    000000ac     sensor_mgmt.oer4f (.text:MmwDemo_sensorStateStart)
                  00014ff0    000000aa     config_edma_util.oer4f (.text:EDMA_setup_shadow_link)
                  0001509a    00000002     --HOLE-- [fill = 0]
                  0001509c    000000a8     cli_mmwave.oer4f (.text:CLI_MMWaveExtensionHelp)
                  00015144    000000a8     libedma_xwr14xx.aer4f : edma_low_level.oer4f (.text:EDMA3Init)
                  000151ec    000000a8     libmmwave_xwr14xx.aer4f : mmwave_link.oer4f (.text:MMWave_configureProfileChirp)
                  00015294    000000a8                             : mmwave_fullcfg.oer4f (.text:MMWave_getBpmChirpHandle)
                  0001533c    000000a8     libpinmux_xwr14xx.aer4f : pinmux.oer4f (.text:Pinmux_Set_OverrideCtrl)
                  000153e4    000000a8     rtsv7R4_T_le_v3D16_eabi.lib : k_sin.c.obj (.text:__kernel_sin)
                  0001548c    000000a8     libmmwavelink_xwr14xx.aer4f : rl_sensor.oer4f (.text:rlSetAdvFrameConfig)
                  00015534    000000a6     data_path.oer4f (.text:MmwDemo_config2DSingleBin_EDMA)
                  000155da    00000002     --HOLE-- [fill = 0]
                  000155dc    000000a5     ti.targets.arm.rtsarm.aer4f : System.oer4f (.text:xdc_runtime_System_formatNum__I)
                  00015681    00000003     --HOLE-- [fill = 0]
                  00015684    000000a4     libesm_xwr14xx.aer4f : esm.oer4f (.text:ESM_init)
                  00015728    000000a4     libmmwave_xwr14xx.aer4f : mmwave_fullcfg.oer4f (.text:MMWave_addBpmChirp)
                  000157cc    000000a4                             : mmwave.oer4f (.text:MMWave_start)
                  00015870    000000a4     main.oer4f (.text:MmwDemo_transferLVDSUserData)
                  00015914    000000a4     ti.targets.arm.rtsarm.aer4f : Error.oer4f (.text:xdc_runtime_Error_print__E)
                  000159b8    000000a2     libcan_xwr14xx.aer4f : can.oer4f (.text:CAN_DCANInt1Isr)
                  00015a5a    00000002     --HOLE-- [fill = 0]
                  00015a5c    000000a0     libadcbuf_xwr14xx.aer4f : adcbuf_mmwave.oer4f (.text:ADCBUF_MMWave_getChanBufAddr)
                  00015afc    000000a0     libcbuff_xwr14xx.aer4f : cbuff_transfer.oer4f (.text:CBUFF_setupInterleaved_CP_ADC)
                  00015b9c    000000a0     mmw_cli.oer4f (.text:MmwDemo_CLICfarCfg)
                  00015c3c    000000a0     libsoc_xwr14xx.aer4f : soc.oer4f (.text:SOC_registerSysIntListener)
                  00015cdc    000000a0     libmmwavelink_xwr14xx.aer4f : rl_driver.oer4f (.text:rlDriverWaitForResponse)
                  00015d7c    0000009f     ti.targets.arm.rtsarm.aer4f : Text.oer4f (.text:xdc_runtime_Text_putLab__E)
                  00015e1b    00000001     --HOLE-- [fill = 0]
                  00015e1c    0000009e     libuart_xwr14xx.aer4f : uartsci.oer4f (.text:UartSci_readChar)
                  00015eba    00000002     --HOLE-- [fill = 0]
                  00015ebc    0000009c     libcbuff_xwr14xx.aer4f : cbuff_transfer.oer4f (.text:CBUFF_setupInterleaved_ADC_CP)
                  00015f58    0000009c     libmmwave_xwr14xx.aer4f : mmwave_link.oer4f (.text:MMWave_configLink)
                  00015ff4    0000009c                             : mmwave_fullcfg.oer4f (.text:MMWave_getProfileHandle)
                  00016090    0000009c     mmw_cli.oer4f (.text:MmwDemo_CLIGuiMonSel)
                  0001612c    0000009c     main.oer4f (.text:MmwDemo_dataPathStart)
                  000161c8    0000009c     libuart_xwr14xx.aer4f : uartsci.oer4f (.text:UartSci_write)
                  00016264    0000009c     rtsv7R4_T_le_v3D16_eabi.lib : memcpy_t2.asm.obj (.text)
                  00016300    0000009c     sysbios.aer4f : BIOS.obj (.text:ti_sysbios_knl_Clock_logTick__E)
                  0001639c    00000098     libmmwave_xwr14xx.aer4f : mmwave_fullcfg.oer4f (.text:MMWave_getChirpCfg)
                  00016434    00000098     sysbios.aer4f : vim_Hwi_asm_switch.obj (.text)
                  000164cc    00000098     ti.targets.arm.rtsarm.aer4f : Core-mem.oer4f (.text:xdc_runtime_Core_deleteObject__I)
                  00016564    00000096     libhwa_xwr14xx.aer4f : hwa.oer4f (.text:HWA_configRam)
                  000165fa    00000094     libcbuff_xwr14xx.aer4f : cbuff_transfer.oer4f (.text:CBUFF_setupNonInterleaved_ADC)
                  0001668e    00000002     --HOLE-- [fill = 0]
                  00016690    00000094     libmmwavelink_xwr14xx.aer4f : rl_driver.oer4f (.text:rlDriverDeInit)
                  00016724    00000094                                 : rl_driver.oer4f (.text:rlDriverMsgReadCmdCtx)
                  000167b8    00000094     sysbios.aer4f : vim_Hwi_asm.obj (.text:ti_sysbios_family_arm_v7r_vim_Hwi_dispatchIRQ__I)
                  0001684c    00000004     libmmwave_xwr14xx.aer4f : mmwave_xwr14xx.oer4f (.text:MMWave_deviceStopFxn)
                  00016850    00000094     sysbios.aer4f : BIOS.obj (.text:ti_sysbios_utils_Load_updateCurrentThreadTime__E)
                  000168e4    00000090     libcbuff_xwr14xx.aer4f : cbuff_transfer.oer4f (.text:CBUFF_setupNonInterleaved_ADC_USER)
                  00016974    00000090     libmailbox_xwr14xx.aer4f : mailbox.oer4f (.text:Mailbox_close)
                  00016a04    00000090     mmw_cli.oer4f (.text:MmwDemo_CLIChirpQualitySigImgMonCfg)
                  00016a94    00000090     libsoc_xwr14xx.aer4f : soc_xwr14xx.oer4f (.text:SOC_initPeripheralRam)
                  00016b24    00000090     libuart_xwr14xx.aer4f : uartsci.oer4f (.text:UartSci_read)
                  00016bb4    00000090     rtsv7R4_T_le_v3D16_eabi.lib : fputc.c.obj (.text:fputc)
                  00016c44    0000000c     libmmwavelink_xwr14xx.aer4f : rl_driver.oer4f (.text:rlDriverGetPlatformId)
                  00016c50    00000090     sysbios.aer4f : BIOS.obj (.text:ti_sysbios_heaps_HeapMem_alloc__E)
                  00016ce0    0000008c     cli_mmwave.oer4f (.text:CLI_MMWaveDataOutputMode)
                  00016d6c    0000008c     libgpio_xwr14xx.aer4f : gpio.oer4f (.text:GPIO_init)
                  00016df8    0000008c     mmw_cli.oer4f (.text:MmwDemo_CLIMeasureRangeBiasAndRxChanPhaseCfg)
                  00016e84    0000008c     main.oer4f (.text:MmwDemo_configLVDSHwData)
                  00016f10    0000008c     data_path.oer4f (.text:MmwDemo_edmaOpen)
                  00016f9c    0000008c     libmmwavelink_xwr14xx.aer4f : rl_driver.oer4f (.text:rlDriverMsgCmdReply)
                  00017028    0000008c     ti.targets.arm.rtsarm.aer4f : Startup.oer4f (.text:xdc_runtime_Startup_exec__E)
                  000170b4    00000088     libcbuff_xwr14xx.aer4f : cbuff_transfer.oer4f (.text:CBUFF_setupInterleaved_ADC_USER)
                  0001713c    00000088     libmmwave_xwr14xx.aer4f : mmwave_fullcfg.oer4f (.text:MMWave_getProfileCfg)
                  000171c4    00000088     main.oer4f (.text:MmwDemo_frameStartIntHandler)
                  0001724c    00000088     libsoc_xwr14xx.aer4f : soc_xwr14xx.oer4f (.text:SOC_translateAddress)
                  000172d4    00000088     mmw_per4f.oer4f (.text:ti_sysbios_family_arm_v7r_vim_Hwi_create)
                  0001735c    00000086     libcbuff_xwr14xx.aer4f : cbuff_edma.oer4f (.text:CBUFF_closeEDMA)
                  000173e2    00000002     --HOLE-- [fill = 0]
                  000173e4    00000084     libmmwave_xwr14xx.aer4f : mmwave_fullcfg.oer4f (.text:MMWave_getNumBpmChirp)
                  00017468    00000084     mmw_cli.oer4f (.text:MmwDemo_CLIADCBufCfg)
                  000174ec    00000004     libmmwave_xwr14xx.aer4f : mmwave_xwr14xx.oer4f (.text:MMWave_deviceSyncFxn)
                  000174f0    00000084     sysbios.aer4f : BIOS.obj (.text:ti_sysbios_heaps_HeapMem_getStats__E)
                  00017574    00000082     libhwa_xwr14xx.aer4f : hwa.oer4f (.text:HWA_paramDoneISR)
                  000175f6    00000002     --HOLE-- [fill = 0]
                  000175f8    00000081     libcbuff_xwr14xx.aer4f : cbuff_edma.oer4f (.text:CBUFF_setupEDMAShadowLink)
                  00017679    00000003     --HOLE-- [fill = 0]
                  0001767c    00000080     cli_mmwave.oer4f (.text:CLI_MMWaveChannelCfg)
                  000176fc    00000080     libuart_xwr14xx.aer4f : uartsci.oer4f (.text:UartSci_writePolling)
                  0001777c    00000080     rtsv7R4_T_le_v3D16_eabi.lib : fflush.c.obj (.text:fflush)
                  000177fc    00000080     libmmwavelink_xwr14xx.aer4f : rl_driver.oer4f (.text:rlDriverExecuteGetApi)
                  0001787c    00000080     mmw_per4f.oer4f (.text:ti_sysbios_knl_Task_create)
                  000178fc    00000004     libmmwave_xwr14xx.aer4f : mmwave_link.oer4f (.text:MMWave_disableDevice)
                  00017900    00000080     sysbios.aer4f : BIOS.obj (.text:ti_sysbios_utils_Load_taskSwitchHook__E)
                  00017980    0000007e     libosal_xwr14xx.aer4f : HwiP_tirtos.oer4f (.text:HwiP_create)
                  000179fe    00000002     --HOLE-- [fill = 0]
                  00017a00    0000007c     mmw_cli.oer4f (.text:MmwDemo_CLIMultiObjBeamForming)
                  00017a7c    0000007c     libuart_xwr14xx.aer4f : uartsci.oer4f (.text:UartSci_readPolling)
                  00017af8    0000007c     sysbios.aer4f : arm_TaskSupport_asm.obj (.text:_ti_sysbios_family_arm_TaskSupport_buildTaskStack)
                  00017b74    0000007c     ti.targets.arm.rtsarm.aer4f : Assert.oer4f (.text:xdc_runtime_Assert_raise__I)
                  00017bf0    0000007a     rtsv7R4_T_le_v3D16_eabi.lib : _printfi.c.obj (.text:_mcpy)
                  00017c6a    0000007a                                 : memset_t2.asm.obj (.text)
                  00017ce4    00000078     libadcbuf_xwr14xx.aer4f : adcbuf_mmwave.oer4f (.text:ADCBUF_MMWave_getCQBufAddr)
                  00017d5c    00000078     libcbuff_xwr14xx.aer4f : cbuff_transfer.oer4f (.text:CBUFF_configUserBufferEDMA)
                  00017dd4    00000078     cli_mmwave.oer4f (.text:CLI_MMWaveADCCfg)
                  00017e4c    00000078     libmmwave_xwr14xx.aer4f : mmwave_fullcfg.oer4f (.text:MMWave_getNumChirps)
                  00017ec4    00000078                             : mmwave.oer4f (.text:MMWave_open)
                  00017f3c    00000078     sensor_mgmt.oer4f (.text:MmwDemo_sensorStateInit)
                  00017fb4    00000074     libcbuff_xwr14xx.aer4f : cbuff_transfer.oer4f (.text:CBUFF_setupInterleaved_ADC)
                  00018028    00000074     libedma_xwr14xx.aer4f : edma.oer4f (.text:EDMA_configParamSet)
                  0001809c    00000074     libmmwave_xwr14xx.aer4f : mmwave.oer4f (.text:MMWave_config)
                  00018110    00000074     mmw_lvds_stream.oer4f (.text:MmwDemo_LVDSStreamDeleteHwSession)
                  00018184    00000074     mmw_lvds_stream.oer4f (.text:MmwDemo_LVDSStreamDeleteSwSession)
                  000181f8    00000074     libsoc_xwr14xx.aer4f : soc.oer4f (.text:SOC_init)
                  0001826c    00000074     rtsv7R4_T_le_v3D16_eabi.lib : fclose.c.obj (.text:__TI_closefile)
                  000182e0    00000074     boot.aer4f : boot.oer4f (.text)
                  00018354    00000074     rtsv7R4_T_le_v3D16_eabi.lib : s_frexp.c.obj (.text:frexp)
                  000183c8    00000074     libmmwavelink_xwr14xx.aer4f : rl_driver.oer4f (.text:rlDriverAsyncEventHandler)
                  0001843c    00000074                                 : rl_driver.oer4f (.text:rlDriverProcRdMsg)
                  000184b0    00000073     data_path.oer4f (.text:MmwDemo_dataPathTrigger1D)
                  00018523    00000001     --HOLE-- [fill = 0]
                  00018524    00000072     libmmwavelink_xwr14xx.aer4f : rl_driver.oer4f (.text:rlDriverClientCbCheck)
                  00018596    00000002     --HOLE-- [fill = 0]
                  00018598    00000070     libhsiheader_xwr14xx.aer4f : hsiheader.oer4f (.text:HSIHeader_deleteHeader)
                  00018608    00000070     libhwa_xwr14xx.aer4f : hwa.oer4f (.text:HWA_getDriverAccess)
                  00018678    00000008     sysbios.aer4f : BIOS.obj (.text:ti_sysbios_family_arm_v7a_Pmu_getEnabled__E)
                  00018680    00000070                   : BIOS.obj (.text:ti_sysbios_family_arm_v7r_vim_Hwi_getStackInfo__E)
                  000186f0    00000070                   : BIOS.obj (.text:ti_sysbios_family_arm_v7r_vim_Hwi_phantomIntHandler__I)
                  00018760    0000006c     libgpio_xwr14xx.aer4f : gpio.oer4f (.text:GPIO_enableInt)
                  000187cc    0000006c     libmmwave_xwr14xx.aer4f : mmwave_link.oer4f (.text:MMWave_spawn)
                  00018838    0000006c                             : mmwave_link.oer4f (.text:MMWave_stopLink)
                  000188a4    0000006c     mmw_lvds_stream.oer4f (.text:MmwDemo_LVDSStream_EDMAAllocateCBUFFHwChannel)
                  00018910    0000006c     mmw_lvds_stream.oer4f (.text:MmwDemo_LVDSStream_EDMAAllocateCBUFFSwChannel)
                  0001897c    0000006c     mmw_lvds_stream.oer4f (.text:MmwDemo_LVDSStream_EDMAFreeCBUFFHwChannel)
                  000189e8    0000006c     mmw_lvds_stream.oer4f (.text:MmwDemo_LVDSStream_EDMAFreeCBUFFSwChannel)
                  00018a54    0000006c     libpinmux_xwr14xx.aer4f : pinmux.oer4f (.text:Pinmux_Set_FuncSel)
                  00018ac0    0000006c     rtsv7R4_T_le_v3D16_eabi.lib : copy_decompress_lzss.c.obj (.text:decompress:lzss:__TI_decompress_lzss)
                  00018b2c    00000004     libmmwave_xwr14xx.aer4f : mmwave_link.oer4f (.text:MMWave_enableDevice)
                  00018b30    0000006c     sysbios.aer4f : BIOS.obj (.text:ti_sysbios_heaps_HeapMem_init__I)
                  00018b9c    00000004     libmmwave_xwr14xx.aer4f : mmwave_listlib.oer4f (.text:MMWave_listGetHead)
                  00018ba0    0000006c     sysbios.aer4f : BIOS.obj (.text:ti_sysbios_knl_Task_allBlockedFunction__I)
                  00018c0c    0000006a     libuart_xwr14xx.aer4f : uartsci.oer4f (.text:UartSci_control)
                  00018c76    00000002     --HOLE-- [fill = 0]
                  00018c78    00000068     rtsv7R4_T_le_v3D16_eabi.lib : hostlseek.c.obj (.text:HOSTlseek)
                  00018ce0    00000068                                 : hostrename.c.obj (.text:HOSTrename)
                  00018d48    00000068     mmw_cli.oer4f (.text:MmwDemo_CLIClutterRemoval)
                  00018db0    00000068     libmmwavelink_xwr14xx.aer4f : rl_driver.oer4f (.text:rlDriverExecuteSetApi)
                  00018e18    00000068                                 : rl_driver.oer4f (.text:rlDriverHostIrqHandler)
                  00018e80    00000068     ti.targets.arm.rtsarm.aer4f : Error.oer4f (.text:xdc_runtime_Error_setX__E)
                  00018ee8    00000067     data_path.oer4f (.text:MmwDemo_dataPathWait1D)
                  00018f4f    00000001     --HOLE-- [fill = 0]
                  00018f50    00000066     main.oer4f (.text:MmwDemo_ADCBufOpen)
                  00018fb6    00000066     post_processing.oer4f (.text:calcNoiseFloor)
                  0001901c    00000066     libmmwavelink_xwr14xx.aer4f : rl_device.oer4f (.text:rlDevicePowerOff)
                  00019082    00000002     --HOLE-- [fill = 0]
                  00019084    00000064     libcan_xwr14xx.aer4f : can.oer4f (.text:CAN_getData)
                  000190e8    00000064     cli_mmwave.oer4f (.text:CLI_MMWaveLowPowerCfg)
                  0001914c    00000064     libedma_xwr14xx.aer4f : edma.oer4f (.text:EDMA_startDmaTransfer)
                  000191b0    00000064     libmailbox_xwr14xx.aer4f : mailbox.oer4f (.text:Mailbox_boxEmptyISRBss)
                  00019214    00000064                              : mailbox.oer4f (.text:Mailbox_readFlush)
                  00019278    00000064     libosal_xwr14xx.aer4f : SemaphoreP_tirtos.oer4f (.text:SemaphoreP_create)
                  000192dc    00000064     rtsv7R4_T_le_v3D16_eabi.lib : _io_perm.c.obj (.text:__TI_wrt_ok)
                  00019340    00000064                                 : fseek.c.obj (.text:fseek)
                  000193a4    00000064     sysbios.aer4f : exc_Exception_asm.obj (.text:ti_sysbios_family_arm_exc_Exception_initCore0__I)
                  00019408    00000064     ti.targets.arm.rtsarm.aer4f : Core-params.oer4f (.text:xdc_runtime_Core_assignParams__I)
                  0001946c    00000060     cli_mmwave.oer4f (.text:CLI_MMWaveExtensionHandler)
                  000194cc    00000060     libgpio_xwr14xx.aer4f : gpio.oer4f (.text:GPIO_setCallback)
                  0001952c    00000060     libmmwave_xwr14xx.aer4f : mmwave_xwr14xx.oer4f (.text:MMWave_deviceCfgAsyncEvent)
                  0001958c    00000060                             : mmwave_link.oer4f (.text:MMWave_mboxOpen)
                  000195ec    00000060     mmw_cli.oer4f (.text:MmwDemo_CLIAnalogMonitorCfg)
                  0001964c    00000060     mmw_lvds_stream.oer4f (.text:MmwDemo_LVDSStream_SwTriggerFrameDone)
                  000196ac    00000060     sensor_mgmt.oer4f (.text:MmwDemo_doSensorFrameStart)
                  0001970c    00000060     libuart_xwr14xx.aer4f : uartsci.oer4f (.text:UartSci_writeChar)
                  0001976c    00000060     ti.targets.arm.rtsarm.aer4f : Text.oer4f (.text:xdc_runtime_Text_xprintf__I)
                  000197cc    0000005f     data_path.oer4f (.text:MmwDemo_dataPathWait2D)
                  0001982b    00000001     --HOLE-- [fill = 0]
                  0001982c    0000005f     data_path.oer4f (.text:MmwDemo_dataPathWaitCFAR)
                  0001988b    00000001     --HOLE-- [fill = 0]
                  0001988c    0000005c     libosal_xwr14xx.aer4f : DebugP_tirtos.oer4f (.text:DebugP_log2)
                  000198e8    0000005c     rtsv7R4_T_le_v3D16_eabi.lib : hostopen.c.obj (.text:HOSTopen)
                  00019944    0000005c                                 : hostread.c.obj (.text:HOSTread)
                  000199a0    0000005c     libmmwave_xwr14xx.aer4f : mmwave.oer4f (.text:MMWave_stop)
                  000199fc    00000004                             : mmwave_listlib.oer4f (.text:MMWave_listGetNext)
                  00019a00    0000005c     sysbios.aer4f : BIOS.obj (.text:ti_sysbios_family_arm_v7r_tms570_Core_Module_startup__E)
                  00019a5c    0000005c     ti.targets.arm.rtsarm.aer4f : Core-label.oer4f (.text:xdc_runtime_Core_assignLabel__I)
                  00019ab8    0000005a     libuart_xwr14xx.aer4f : uartsci.oer4f (.text:UartSci_readCancel)
                  00019b12    0000005a     libmmwavelink_xwr14xx.aer4f : rl_driver.oer4f (.text:rlDriverCalChkSum)
                  00019b6c    00000058     libosal_xwr14xx.aer4f : DebugP_tirtos.oer4f (.text:DebugP_log0)
                  00019bc4    00000058                           : DebugP_tirtos.oer4f (.text:DebugP_log1)
                  00019c1c    00000058     libedma_xwr14xx.aer4f : edma_low_level.oer4f (.text:EDMA3EnableChInShadowReg)
                  00019c74    00000058     libesm_xwr14xx.aer4f : esm.oer4f (.text:ESM_highpriority_FIQ)
                  00019ccc    00000058     rtsv7R4_T_le_v3D16_eabi.lib : hostwrite.c.obj (.text:HOSTwrite)
                  00019d24    00000058     libmmwave_xwr14xx.aer4f : mmwave.oer4f (.text:MMWave_execute)
                  00019d7c    00000058     libmailbox_xwr14xx.aer4f : mailbox.oer4f (.text:Mailbox_boxFullISRBss)
                  00019dd4    00000058     main.oer4f (.text:MmwDemo_mmWaveCtrlTask)
                  00019e2c    00000058     sensor_mgmt.oer4f (.text:MmwDemo_waitSensorStartComplete)
                  00019e84    00000058     rtsv7R4_T_le_v3D16_eabi.lib : close.c.obj (.text:close)
                  00019edc    00000058     libmmwavelink_xwr14xx.aer4f : rl_driver.oer4f (.text:rlDriverMsgReadSpawnCtx)
                  00019f34    0000000c     sysbios.aer4f : BIOS.obj (.text:ti_sysbios_family_arm_v7a_Pmu_configureCounterI__I)
                  00019f40    00000058                   : BIOS.obj (.text:ti_sysbios_family_arm_TaskSupport_start__E)
                  00019f98    00000008     ti.targets.arm.rtsarm.aer4f : Error.oer4f (.text:xdc_runtime_Error_getSite__E)
                  00019fa0    00000058     sysbios.aer4f : BIOS.obj (.text:ti_sysbios_hal_Hwi_checkStack)
                  00019ff8    00000058     mmw_per4f.oer4f (.text:ti_sysbios_rts_gnu_MemAlloc_alloc)
                  0001a050    00000056     libmmwavelink_xwr14xx.aer4f : rl_driver.oer4f (.text:rlDriverOsiCbCheck)
                  0001a0a6    00000002     --HOLE-- [fill = 0]
                  0001a0a8    00000054     libcrc_xwr14xx.aer4f : crc.oer4f (.text:CRC_getTransactionId)
                  0001a0fc    00000054     mmw_lvds_stream.oer4f (.text:MmwDemo_LVDSStream_HwTriggerFrameDone)
                  0001a150    00000054     sensor_mgmt.oer4f (.text:MmwDemo_finishSensorStop)
                  0001a1a4    00000054     rtsv7R4_T_le_v3D16_eabi.lib : ltoa.c.obj (.text:ltoa)
                  0001a1f8    00000008     ti.targets.arm.rtsarm.aer4f : SysStd.oer4f (.text:xdc_runtime_SysStd_ready__E)
                  0001a200    00000054     sysbios.aer4f : BIOS.obj (.text:ti_sysbios_hal_Hwi_initStack)
                  0001a254    00000054     mmw_per4f.oer4f (.text:ti_sysbios_knl_Semaphore_create)
                  0001a2a8    00000054     ti.targets.arm.rtsarm.aer4f : System.oer4f (.text:xdc_runtime_System_atexit__E)
                  0001a2fc    00000054                                 : System.oer4f (.text:xdc_runtime_System_putchar__I)
                  0001a350    00000053                                 : Text.oer4f (.text:xdc_runtime_Text_printVisFxn__I)
                  0001a3a3    00000001     --HOLE-- [fill = 0]
                  0001a3a4    00000052     libhwa_xwr14xx.aer4f : hwa.oer4f (.text:HWA_getDMAconfig)
                  0001a3f6    00000052     rtsv7R4_T_le_v3D16_eabi.lib : _printfi.c.obj (.text:_ecpy)
                  0001a448    00000050     libcrc_xwr14xx.aer4f : crc.oer4f (.text:CRC_getSignature)
                  0001a498    00000050     libedma_xwr14xx.aer4f : edma_low_level.oer4f (.text:EDMA3MapChToEvtQ)
                  0001a4e8    00000050     libmmwave_xwr14xx.aer4f : mmwave.oer4f (.text:MMWave_sync)
                  0001a538    00000050     rtsv7R4_T_le_v3D16_eabi.lib : _printfi.c.obj (.text:_pconv_f)
                  0001a588    00000050                                 : atoi.c.obj (.text:atoi)
                  0001a5d8    00000050     libmmwavelink_xwr14xx.aer4f : rl_driver.oer4f (.text:rlDeviceIdentifyCmdDir)
                  0001a628    00000050                                 : rl_driver.oer4f (.text:rlDriverVerifyCRC)
                  0001a678    00000050     rtsv7R4_T_le_v3D16_eabi.lib : u_div32.asm.obj (.text)
                  0001a6c8    00000008     ti.targets.arm.rtsarm.aer4f : System.oer4f (.text:xdc_runtime_System_Module_startup__E)
                  0001a6d0    00000050     sysbios.aer4f : BIOS.obj (.text:ti_sysbios_knl_Event_pendTimeout__I)
                  0001a720    00000050                   : BIOS.obj (.text:ti_sysbios_knl_Semaphore_pendTimeout__I)
                  0001a770    0000004f     data_path.oer4f (.text:MmwDemo_dataPathTrigger2D)
                  0001a7bf    00000001     --HOLE-- [fill = 0]
                  0001a7c0    0000004c     libedma_xwr14xx.aer4f : edma.oer4f (.text:EDMA_disableChannel)
                  0001a80c    0000004c                           : edma.oer4f (.text:EDMA_enableChannel)
                  0001a858    0000004c     sensor_mgmt.oer4f (.text:MmwDemo_waitSensorStopComplete)
                  0001a8a4    0000004c     libuart_xwr14xx.aer4f : uartsci.oer4f (.text:UartSci_writeCancel)
                  0001a8f0    0000004c     rtsv7R4_T_le_v3D16_eabi.lib : fflush.c.obj (.text:__TI_doflush)
                  0001a93c    0000004c                                 : cpy_tbl.c.obj (.text:copy_in)
                  0001a988    0000004c     mmw_per4f.oer4f (.text:ti_sysbios_gates_GateHwi_Object__create__S)
                  0001a9d4    0000004c     mmw_per4f.oer4f (.text:ti_sysbios_gates_GateMutex_Object__create__S)
                  0001aa20    0000004c     mmw_per4f.oer4f (.text:ti_sysbios_heaps_HeapMem_Object__create__S)
                  0001aa6c    0000004c     mmw_per4f.oer4f (.text:ti_sysbios_knl_Event_create)
                  0001aab8    0000004c     mmw_per4f.oer4f (.text:ti_sysbios_knl_Semaphore_construct)
                  0001ab04    0000004b     data_path.oer4f (.text:MmwDemo_EDMA_transferCompletionCallbackFxn)
                  0001ab4f    00000001     --HOLE-- [fill = 0]
                  0001ab50    00000049     mmw_lvds_stream.oer4f (.text:MmwDemo_LVDSStream_EDMAAllocateCBUFFChannel)
                  0001ab99    00000001     --HOLE-- [fill = 0]
                  0001ab9a    00000048     libcbuff_xwr14xx.aer4f : cbuff_transfer.oer4f (.text:CBUFF_setup_USER)
                  0001abe2    00000002     --HOLE-- [fill = 0]
                  0001abe4    00000048     cli.oer4f (.text:CLI_write)
                  0001ac2c    00000048     libhwa_xwr14xx.aer4f : hwa.oer4f (.text:HWA_deleteInstance)
                  0001ac74    00000048                          : hwa.oer4f (.text:HWA_enableDoneInterrupt)
                  0001acbc    00000048                          : hwa.oer4f (.text:HWA_readCFARPeakCountReg)
                  0001ad04    00000048     libmmwavelink_xwr14xx.aer4f : rl_device.oer4f (.text:rlDeviceGetVersion)
                  0001ad4c    00000048                                 : rl_driver.oer4f (.text:rlDriverOsiInit)
                  0001ad94    00000048     mmw_per4f.oer4f (.text:ti_sysbios_knl_Clock_doTick__I)
                  0001addc    00000048     ti.targets.arm.rtsarm.aer4f : System.oer4f (.text:xdc_runtime_System_processAtExit__E)
                  0001ae24    00000047     data_path.oer4f (.text:MmwDemo_dataPathTriggerCFAR)
                  0001ae6b    00000001     --HOLE-- [fill = 0]
                  0001ae6c    00000046     libmailbox_xwr14xx.aer4f : mailbox.oer4f (.text:CSL_FINSR)
                  0001aeb2    00000044     libcrc_xwr14xx.aer4f : crc.oer4f (.text:CRC_resetSignature)
                  0001aef6    00000044     libcan_xwr14xx.aer4f : dcan.oer4f (.text:DCANSetBitTime)
                  0001af3a    00000002     --HOLE-- [fill = 0]
                  0001af3c    00000044     rtsv7R4_T_le_v3D16_eabi.lib : hostclose.c.obj (.text:HOSTclose)
                  0001af80    00000044                                 : hostunlink.c.obj (.text:HOSTunlink)
                  0001afc4    00000044                                 : exit.c.obj (.text:exit)
                  0001b008    00000044                                 : getdevice.c.obj (.text:getdevice)
                  0001b04c    00000004     libmmwave_xwr14xx.aer4f : mmwave_link.oer4f (.text:MMWave_mboxClose)
                  0001b050    00000044     sysbios.aer4f : BIOS.obj (.text:ti_sysbios_heaps_HeapMem_free__E)
                  0001b094    00000044     mmw_per4f.oer4f (.text:ti_sysbios_knl_Queue_construct)
                  0001b0d8    00000006     libedma_xwr14xx.aer4f : edma_low_level.oer4f (.text:EDMA3GetCCErrStatus)
                  0001b0de    00000002     --HOLE-- [fill = 0]
                  0001b0e0    00000044     sysbios.aer4f : BIOS.obj (.text:ti_sysbios_timers_rti_Timer_periodicStub__E)
                  0001b124    00000044     ti.targets.arm.rtsarm.aer4f : Text.oer4f (.text:xdc_runtime_Text_cordText__E)
                  0001b168    00000043     data_path.oer4f (.text:MmwDemo_dataPathTrigger2DSingleBin)
                  0001b1ab    00000001     --HOLE-- [fill = 0]
                  0001b1ac    00000042     libhwa_xwr14xx.aer4f : hwa.oer4f (.text:HWA_reset)
                  0001b1ee    00000042     libmmwave_xwr14xx.aer4f : mmwave_link.oer4f (.text:MMWave_executeLink)
                  0001b230    00000040     libedma_xwr14xx.aer4f : edma.oer4f (.text:EDMA_linkParamSets)
                  0001b270    00000040     libmmwave_xwr14xx.aer4f : mmwave.oer4f (.text:MMWave_decodeError)
                  0001b2b0    00000040     rtsv7R4_T_le_v3D16_eabi.lib : _printfi.c.obj (.text:_fcpy)
                  0001b2f0    00000040     libmmwavelink_xwr14xx.aer4f : rl_driver.oer4f (.text:rlDriverValidateHdr)
                  0001b330    00000040     rtsv7R4_T_le_v3D16_eabi.lib : sprintf.c.obj (.text:sprintf)
                  0001b370    00000040                                 : strtok.c.obj (.text:strtok)
                  0001b3b0    00000040     mmw_per4f.oer4f (.text:ti_sysbios_BIOS_atExitFunc__I)
                  0001b3f0    00000040     rtsv7R4_T_le_v3D16_eabi.lib : vsnprintf.c.obj (.text:vsnprintf)
                  0001b430    00000040     ti.targets.arm.rtsarm.aer4f : System.oer4f (.text:xdc_runtime_System_avprintf__E)
                  0001b470    0000003f     data_path.oer4f (.text:MmwDemo_dataPathWait2DFFTDetObj)
                  0001b4af    00000001     --HOLE-- [fill = 0]
                  0001b4b0    0000003f     data_path.oer4f (.text:MmwDemo_dataPathWaitAngleEstimation)
                  0001b4ef    00000001     --HOLE-- [fill = 0]
                  0001b4f0    0000003f     data_path.oer4f (.text:MmwDemo_hwaOpen)
                  0001b52f    00000001     --HOLE-- [fill = 0]
                  0001b530    0000003e     libcbuff_xwr14xx.aer4f : cbuff_transfer.oer4f (.text:CBUFF_configCQEDMA)
                  0001b56e    0000003e     libadcbuf_xwr14xx.aer4f : adcbuf_mmwave.oer4f (.text:CSL_FINSR)
                  0001b5ac    0000003e     libcbuff_xwr14xx.aer4f : cbuff.oer4f (.text:CSL_FINSR)
                  0001b5ea    0000003e     libcrc_xwr14xx.aer4f : crc.oer4f (.text:CSL_FINSR)
                  0001b628    0000003e     libgpio_xwr14xx.aer4f : gpio.oer4f (.text:CSL_FINSR)
                  0001b666    0000003e     libhwa_xwr14xx.aer4f : hwa.oer4f (.text:CSL_FINSR)
                  0001b6a4    0000003e     libpinmux_xwr14xx.aer4f : pinmux.oer4f (.text:CSL_FINSR)
                  0001b6e2    0000003e     libsoc_xwr14xx.aer4f : soc.oer4f (.text:CSL_FINSR)
                  0001b720    0000003e                          : soc_xwr14xx.oer4f (.text:CSL_FINSR)
                  0001b75e    0000003e     libuart_xwr14xx.aer4f : uartsci.oer4f (.text:CSL_FINSR)
                  0001b79c    0000003e     libhwa_xwr14xx.aer4f : hwa.oer4f (.text:HWA_enable)
                  0001b7da    0000003e     post_processing.oer4f (.text:MmwDemo_calcCompIdx)
                  0001b818    0000003e     post_processing.oer4f (.text:MmwDemo_dopplerComp)
                  0001b856    0000003e     libuart_xwr14xx.aer4f : uartsci.oer4f (.text:UartSci_close)
                  0001b894    0000003e     mmwDemo_monitor.oer4f (.text:mmwDemo_cfgAnalogMonitor)
                  0001b8d2    00000002     --HOLE-- [fill = 0]
                  0001b8d4    0000003c     libcan_xwr14xx.aer4f : can.oer4f (.text:CAN_transmitData)
                  0001b910    0000003c     cli_mmwave.oer4f (.text:CLI_MMWaveFlushCfg)
                  0001b94c    0000003c     libedma_xwr14xx.aer4f : edma.oer4f (.text:EDMA_chainChannels)
                  0001b988    0000003c     libmailbox_xwr14xx.aer4f : mailbox.oer4f (.text:Mailbox_writeReset)
                  0001b9c4    0000003c     libsoc_xwr14xx.aer4f : soc.oer4f (.text:SOC_unhaltBSS)
                  0001ba00    0000003c     rtsv7R4_T_le_v3D16_eabi.lib : trgmsg.c.obj (.text:__TI_writemsg)
                  0001ba3c    0000003c     libmmwavelink_xwr14xx.aer4f : rl_controller.oer4f (.text:rlGetSubBlock)
                  0001ba78    0000003c     sysbios.aer4f : vim_Hwi_asm.obj (.text:ti_sysbios_family_arm_v7r_vim_Hwi_init__I)
                  0001bab4    0000003c     ti.targets.arm.rtsarm.aer4f : System.oer4f (.text:xdc_runtime_System_vprintf__E)
                  0001baf0    0000003a     libhwa_xwr14xx.aer4f : hwa.oer4f (.text:HWA_setDMA2ACCManualTrig)
                  0001bb2a    00000002     --HOLE-- [fill = 0]
                  0001bb2c    0000003a     libosal_xwr14xx.aer4f : HwiP_tirtos.oer4f (.text:HwiP_delete)
                  0001bb66    00000002     --HOLE-- [fill = 0]
                  0001bb68    00000038     libadcbuf_xwr14xx.aer4f : adcbuf_mmwave.oer4f (.text:ADCBUF_MMWave_close)
                  0001bba0    00000038     libcbuff_xwr14xx.aer4f : cbuff_transfer.oer4f (.text:CBUFF_addUserBufferLLEntry)
                  0001bbd8    00000038                            : cbuff_transfer.oer4f (.text:CBUFF_setupHeader)
                  0001bc10    00000038     libedma_xwr14xx.aer4f : edma_low_level.oer4f (.text:EDMA3ClrMissEvt)
                  0001bc48    00000038     libuart_xwr14xx.aer4f : UART.oer4f (.text:UART_init)
                  0001bc80    00000038     mmw_per4f.oer4f (.text:ti_sysbios_BIOS_startFunc__I)
                  0001bcb8    00000006     libedma_xwr14xx.aer4f : edma_low_level.oer4f (.text:EDMA3GetErrIntrStatus)
                  0001bcbe    00000002     --HOLE-- [fill = 0]
                  0001bcc0    00000038     sysbios.aer4f : BIOS.obj (.text:ti_sysbios_knl_Task_restore__E)
                  0001bcf8    00000037     data_path.oer4f (.text:MmwDemo_dataPathTriggerAngleEstimation)
                  0001bd2f    00000001     --HOLE-- [fill = 0]
                  0001bd30    00000036     libmmwavelink_xwr14xx.aer4f : rl_controller.oer4f (.text:rlAppendSubBlock)
                  0001bd66    00000036     rtsv7R4_T_le_v3D16_eabi.lib : strncpy.c.obj (.text:strncpy)
                  0001bd9c    00000034     libadcbuf_xwr14xx.aer4f : ADCBuf.oer4f (.text:ADCBuf_open)
                  0001bdd0    00000034     libcan_xwr14xx.aer4f : can.oer4f (.text:CAN_configBitTime)
                  0001be04    00000034     libedma_xwr14xx.aer4f : edma.oer4f (.text:EDMA_configTransferControllerError)
                  0001be38    00000034     libmmwave_xwr14xx.aer4f : mmwave_link.oer4f (.text:MMWave_mboxWrite)
                  0001be6c    00000034     libsoc_xwr14xx.aer4f : soc_xwr14xx.oer4f (.text:SOC_enableHWA)
                  0001bea0    00000034     libuart_xwr14xx.aer4f : UART.oer4f (.text:UART_open)
                  0001bed4    00000034     rtsv7R4_T_le_v3D16_eabi.lib : fopen.c.obj (.text:__TI_cleanup)
                  0001bf08    00000034                                 : trgmsg.c.obj (.text:__TI_readmsg)
                  0001bf3c    00000034                                 : getdevice.c.obj (.text:finddevice)
                  0001bf70    00000034     mmw_per4f.oer4f (.text:ti_sysbios_BIOS_registerRTSLock__I)
                  0001bfa4    00000034     mmw_per4f.oer4f (.text:ti_sysbios_BIOS_removeRTSLock__I)
                  0001bfd8    00000034     mmw_per4f.oer4f (.text:ti_sysbios_family_arm_v7r_vim_Hwi_Object__delete__S)
                  0001c00c    00000034     mmw_per4f.oer4f (.text:ti_sysbios_gates_GateMutex_Object__delete__S)
                  0001c040    00000034     sysbios.aer4f : BIOS.obj (.text:ti_sysbios_knl_Clock_Module_startup__E)
                  0001c074    0000000c                   : BIOS.obj (.text:ti_sysbios_family_arm_v7a_Pmu_getCountI__E)
                  0001c080    00000034                   : BIOS.obj (.text:ti_sysbios_knl_Idle_run__E)
                  0001c0b4    00000034     mmw_per4f.oer4f (.text:ti_sysbios_knl_Semaphore_Object__delete__S)
                  0001c0e8    00000034     ti.targets.arm.rtsarm.aer4f : Registry.oer4f (.text:xdc_runtime_Registry_findById__E)
                  0001c11c    00000034                                 : SysStd.oer4f (.text:xdc_runtime_SysStd_abort__E)
                  0001c150    00000032     libcrc_xwr14xx.aer4f : crc.oer4f (.text:CRC_getCRCDataSelectBitValue)
                  0001c182    00000002     --HOLE-- [fill = 0]
                  0001c184    00000032                          : crc.oer4f (.text:CRC_getCRCTypeBitValue)
                  0001c1b6    00000032     libedma_xwr14xx.aer4f : edma.oer4f (.text:EDMA_configQueueThreshold)
                  0001c1e8    00000032     libhwa_xwr14xx.aer4f : hwa.oer4f (.text:HWA_allParamDoneISR)
                  0001c21a    00000002     --HOLE-- [fill = 0]
                  0001c21c    00000030     libadcbuf_xwr14xx.aer4f : ADCBuf.oer4f (.text:ADCBuf_init)
                  0001c24c    00000030     libcbuff_xwr14xx.aer4f : cbuff_transfer.oer4f (.text:CBUFF_addCQLLEntry)
                  0001c27c    00000030     libcan_xwr14xx.aer4f : dcan.oer4f (.text:DCANConfigIntrMux)
                  0001c2ac    00000030     libmmwave_xwr14xx.aer4f : mmwave_listlib.oer4f (.text:MMWave_listRemoveNode)
                  0001c2dc    00000030     data_path.oer4f (.text:MmwDemo_EDMA_errorCallbackFxn)
                  0001c30c    00000030     rtsv7R4_T_le_v3D16_eabi.lib : vsnprintf.c.obj (.text:_outs)
                  0001c33c    00000030     libmmwavelink_xwr14xx.aer4f : rl_sensor.oer4f (.text:rlSensorStart)
                  0001c36c    00000030     mmw_per4f.oer4f (.text:ti_sysbios_BIOS_rtsLock__I)
                  0001c39c    00000004     libmmwave_xwr14xx.aer4f : mmwave_link.oer4f (.text:MMWave_mboxRead)
                  0001c3a0    00000030     sysbios.aer4f : BIOS.obj (.text:ti_sysbios_family_arm_a15_TimestampProvider_autoRefreshFxn__I)
                  0001c3d0    00000030                   : BIOS.obj (.text:ti_sysbios_family_arm_v7r_vim_Hwi_disableInterrupt__E)
                  0001c400    00000030                   : BIOS.obj (.text:ti_sysbios_family_arm_v7r_vim_Hwi_enableInterrupt__E)
                  0001c430    00000030     mmw_per4f.oer4f (.text:ti_sysbios_gates_GateHwi_Object__delete__S)
                  0001c460    00000030     sysbios.aer4f : BIOS.obj (.text:ti_sysbios_gates_GateMutex_Instance_init__E)
                  0001c490    00000030     mmw_per4f.oer4f (.text:ti_sysbios_heaps_HeapMem_Object__delete__S)
                  0001c4c0    00000030     sysbios.aer4f : BIOS.obj (.text:ti_sysbios_knl_Task_restoreHwi__E)
                  0001c4f0    00000030     ti.targets.arm.rtsarm.aer4f : Error.oer4f (.text:xdc_runtime_Error_check__E)
                  0001c520    00000030                                 : Error.oer4f (.text:xdc_runtime_Error_raiseX__E)
                  0001c550    00000030                                 : Memory.oer4f (.text:xdc_runtime_Memory_valloc__E)
                  0001c580    0000002f     data_path.oer4f (.text:MmwDemo_EDMA_transferControllerErrorCallbackFxn)
                  0001c5af    00000001     --HOLE-- [fill = 0]
                  0001c5b0    0000002e     libmmwave_xwr14xx.aer4f : mmwave_osal.oer4f (.text:MMWave_osalMutexCreate)
                  0001c5de    0000002e                             : mmwave_osal.oer4f (.text:MMWave_osalSemCreate)
                  0001c60c    0000002e     sensor_mgmt.oer4f (.text:MmwDemo_setHsiClk)
                  0001c63a    0000002c     libcan_xwr14xx.aer4f : dcan.oer4f (.text:DCANEccModeEnable)
                  0001c666    00000002     --HOLE-- [fill = 0]
                  0001c668    0000002c     libedma_xwr14xx.aer4f : edma.oer4f (.text:EDMA_validate_channelIdchannelType)
                  0001c694    0000002c     libgpio_xwr14xx.aer4f : gpio.oer4f (.text:GPIO_HighPriorityISR)
                  0001c6c0    0000002c                           : gpio.oer4f (.text:GPIO_LowPriorityISR)
                  0001c6ec    0000002c     libsoc_xwr14xx.aer4f : soc_xwr14xx.oer4f (.text:SOC_waitBSSPowerUp)
                  0001c718    0000002c     libmmwavelink_xwr14xx.aer4f : rl_device.oer4f (.text:rlDeviceGetMssVersion)
                  0001c744    0000002c                                 : rl_sensor.oer4f (.text:rlSensorStop)
                  0001c770    0000002c     rtsv7R4_T_le_v3D16_eabi.lib : e_sqrt.c.obj (.text:sqrt)
                  0001c79c    0000002c     mmw_per4f.oer4f (.text:ti_sysbios_BIOS_errorRaiseHook__I)
                  0001c7c8    0000002c     mmw_per4f.oer4f (.text:ti_sysbios_gates_GateHwi_Handle__label__S)
                  0001c7f4    0000002c     mmw_per4f.oer4f (.text:ti_sysbios_gates_GateMutex_Handle__label__S)
                  0001c820    0000002c     mmw_per4f.oer4f (.text:ti_sysbios_heaps_HeapMem_Handle__label__S)
                  0001c84c    0000002c     mmw_per4f.oer4f (.text:ti_sysbios_knl_Semaphore_destruct)
                  0001c878    00000006     libedma_xwr14xx.aer4f : edma_low_level.oer4f (.text:EDMA3QdmaGetErrIntrStatus)
                  0001c87e    00000002     --HOLE-- [fill = 0]
                  0001c880    0000002c     sysbios.aer4f : BIOS.obj (.text:ti_sysbios_knl_Task_enter__I)
                  0001c8ac    0000002c     rtsv7R4_T_le_v3D16_eabi.lib : unlink.c.obj (.text:unlink)
                  0001c8d8    0000002a     libsoc_xwr14xx.aer4f : soc.oer4f (.text:SOC_SystemISR)
                  0001c902    0000002a     rtsv7R4_T_le_v3D16_eabi.lib : strspn.c.obj (.text:strspn)
                  0001c92c    00000028     mmw_lvds_stream.oer4f (.text:MmwDemo_LVDSStreamDelete)
                  0001c954    00000028     data_path.oer4f (.text:MmwDemo_processCfar)
                  0001c97c    00000028     libuart_xwr14xx.aer4f : uartsci_nodma.oer4f (.text:UartSci_noDMAInitiateRxDMA)
                  0001c9a4    00000028                           : uartsci_nodma.oer4f (.text:UartSci_noDMAInitiateTxDMA)
                  0001c9cc    00000028     mmw_per4f.oer4f (.text:free)
                  0001c9f4    00000028     config_hwa_util.oer4f (.text:log2Approx)
                  0001ca1c    00000028     rtsv7R4_T_le_v3D16_eabi.lib : lseek.c.obj (.text:lseek)
                  0001ca44    00000028     libmmwavelink_xwr14xx.aer4f : rl_driver.oer4f (.text:rlDriverConstructInMsg)
                  0001ca6c    00000028     mmw_per4f.oer4f (.text:ti_sysbios_BIOS_rtsUnlock__I)
                  0001ca94    0000000c     sysbios.aer4f : tms570_Core_asm.obj (.text:ti_sysbios_family_arm_v7r_tms570_Core_getId__E)
                  0001caa0    00000028                   : BIOS.obj (.text:ti_sysbios_family_arm_v7a_Pmu_Module_startup__E)
                  0001cac8    00000028     mmw_per4f.oer4f (.text:ti_sysbios_family_arm_v7r_vim_Hwi_Module__startupDone__F)
                  0001caf0    00000028     sysbios.aer4f : BIOS.obj (.text:ti_sysbios_gates_GateMutex_leave__E)
                  0001cb18    00000028     mmw_per4f.oer4f (.text:ti_sysbios_knl_Queue_destruct)
                  0001cb40    00000028     mmw_per4f.oer4f (.text:ti_sysbios_timers_rti_Timer_Module__startupDone__F)
                  0001cb68    00000028     rtsv7R4_T_le_v3D16_eabi.lib : write.c.obj (.text:write)
[...]
0001eea4  ti_sysbios_knl_Task_defaultStackHeap__C                              
0001eea8  ti_sysbios_knl_Task_defaultStackSize__C                              
0001eeac  ti_sysbios_knl_Task_numConstructedTasks__C                           
0001eeb0  ti_sysbios_timers_rti_Timer_E_cannotSupport__C                       
0001eeb4  ti_sysbios_timers_rti_Timer_Module__diagsEnabled__C                  
0001eeb8  ti_sysbios_timers_rti_Timer_Module__diagsIncluded__C                 
0001eebc  ti_sysbios_timers_rti_Timer_Module__diagsMask__C                     
0001eec0  ti_sysbios_timers_rti_Timer_numTimerDevices__C                       
0001eec4  ti_sysbios_timers_rti_Timer_startupNeeded__C                         
0001eec8  ti_sysbios_utils_Load_LS_cpuLoad__C                                  
0001eecc  ti_sysbios_utils_Load_LS_taskLoad__C                                 
0001eed0  ti_sysbios_utils_Load_Module_State_taskList__O                       
0001eed4  ti_sysbios_utils_Load_Module__diagsEnabled__C                        
0001eed8  ti_sysbios_utils_Load_Module__diagsIncluded__C                       
0001eedc  ti_sysbios_utils_Load_Module__diagsMask__C                           
0001eee0  ti_sysbios_utils_Load_Module__loggerFxn1__C                          
0001eee4  ti_sysbios_utils_Load_Module__loggerFxn4__C                          
0001eee8  ti_sysbios_utils_Load_Module__loggerObj__C                           
0001eeec  ti_sysbios_utils_Load_postUpdate__C                                  
0001eef0  ti_sysbios_utils_Load_windowInMs__C                                  
0001eef4  xdc_runtime_Assert_E_assertFailed__C                                 
0001eef8  xdc_runtime_Core_A_initializedParams__C                              
0001eefc  xdc_runtime_Core_Module__diagsEnabled__C                             
0001ef00  xdc_runtime_Core_Module__diagsIncluded__C                            
0001ef04  xdc_runtime_Core_Module__diagsMask__C                                
0001ef08  xdc_runtime_Error_E_memory__C                                        
0001ef0c  xdc_runtime_Error_Module__diagsEnabled__C                            
0001ef10  xdc_runtime_Error_Module__diagsIncluded__C                           
0001ef14  xdc_runtime_Error_Module__diagsMask__C                               
0001ef18  xdc_runtime_Error_Module__loggerFxn8__C                              
0001ef1c  xdc_runtime_Error_Module__loggerObj__C                               
0001ef20  xdc_runtime_Error_policyFxn__C                                       
0001ef24  xdc_runtime_Error_raiseHook__C                                       
0001ef28  xdc_runtime_IGateProvider_Interface__BASE__C                         
0001ef2c  xdc_runtime_IHeap_Interface__BASE__C                                 
0001ef30  xdc_runtime_IModule_Interface__BASE__C                               
0001ef34  xdc_runtime_Log_L_error__C                                           
0001ef38  xdc_runtime_Main_Module__diagsEnabled__C                             
0001ef3c  xdc_runtime_Main_Module__diagsIncluded__C                            
0001ef40  xdc_runtime_Main_Module__diagsMask__C                                
0001ef44  xdc_runtime_Main_Module__loggerFxn1__C                               
0001ef48  xdc_runtime_Main_Module__loggerFxn2__C                               
0001ef4c  xdc_runtime_Main_Module__loggerFxn4__C                               
0001ef50  xdc_runtime_Main_Module__loggerObj__C                                
0001ef54  xdc_runtime_Memory_defaultHeapInstance__C                            
0001ef58  xdc_runtime_Startup_execImpl__C                                      
0001ef5c  xdc_runtime_Startup_maxPasses__C                                     
0001ef60  xdc_runtime_Startup_sfxnRts__C                                       
0001ef64  xdc_runtime_Startup_sfxnTab__C                                       
0001ef68  xdc_runtime_System_Module__gateObj__C                                
0001ef6c  xdc_runtime_System_abortFxn__C                                       
0001ef70  xdc_runtime_System_exitFxn__C                                        
0001ef74  xdc_runtime_System_extendFxn__C                                      
0001ef78  xdc_runtime_System_maxAtexitHandlers__C                              
0001ef7c  xdc_runtime_Text_charTab__C                                          
0001ef80  xdc_runtime_Text_nameEmpty__C                                        
0001ef84  xdc_runtime_Text_nameStatic__C                                       
0001ef88  xdc_runtime_Text_nameUnknown__C                                      
0001ef8c  xdc_runtime_Text_visitRopeFxn__C                                     
0001ef90  ti_sysbios_family_arm_v7r_tms570_Core_Module__id__C                  
0001ef92  ti_sysbios_family_arm_v7r_vim_Hwi_Module__id__C                      
0001ef94  ti_sysbios_family_arm_v7r_vim_Hwi_Module__loggerDefined__C           
0001ef96  ti_sysbios_gates_GateMutex_Module__id__C                             
0001ef98  ti_sysbios_hal_Hwi_Module__id__C                                     
0001ef9a  ti_sysbios_heaps_HeapMem_Module__id__C                               
0001ef9c  ti_sysbios_knl_Clock_Module__id__C                                   
0001ef9e  ti_sysbios_knl_Clock_Module__loggerDefined__C                        
0001efa0  ti_sysbios_knl_Event_Module__id__C                                   
0001efa2  ti_sysbios_knl_Event_Module__loggerDefined__C                        
0001efa4  ti_sysbios_knl_Semaphore_Module__id__C                               
0001efa6  ti_sysbios_knl_Semaphore_Module__loggerDefined__C                    
0001efa8  ti_sysbios_knl_Task_Module__id__C                                    
0001efaa  ti_sysbios_knl_Task_Module__loggerDefined__C                         
0001efac  ti_sysbios_timers_rti_Timer_Module__id__C                            
0001efae  ti_sysbios_timers_rti_Timer_continueOnSuspend__C                     
0001efb0  ti_sysbios_utils_Load_Module__id__C                                  
0001efb2  ti_sysbios_utils_Load_Module__loggerDefined__C                       
0001efb4  ti_sysbios_utils_Load_autoAddTasks__C                                
0001efb6  ti_sysbios_utils_Load_updateInIdle__C                                
0001efb8  xdc_runtime_Core_Module__id__C                                       
0001efba  xdc_runtime_Error_Module__loggerDefined__C                           
0001efbc  xdc_runtime_Error_maxDepth__C                                        
0001efbe  xdc_runtime_Main_Module__id__C                                       
0001efc0  xdc_runtime_Main_Module__loggerDefined__C                            
0001efc2  xdc_runtime_Memory_Module__id__C                                     
0001efc4  xdc_runtime_Text_charCnt__C                                          
0001efc6  xdc_runtime_Text_isLoaded__C                                         
0001efc8  xdc_runtime_Text_registryModsLastId__C                               
0001efca  xdc_runtime_Text_unnamedModsLastId__C                                
0001efcc  xdc_runtime_Text_charTab__A                                          
0001efd0  __TI_static_base__                                                   
0001f418  __TI_Handler_Table_Base                                              
0001f424  __TI_Handler_Table_Limit                                             
0001f440  __TI_CINIT_Base                                                      
0001f460  __TI_CINIT_Limit                                                     
00040000  _L3ram_size                                                          
08000000  ti_sysbios_heaps_HeapMem_Instance_State_0_buf__A                     
08008000  iterationCount                                                       
08008004  dataLength                                                           
08008008  msgLstErrCnt                                                         
0800800c  dataMissMatchErrCnt                                                  
08008010  txMsgObjHandle                                                       
08008014  rxMsgObjHandle                                                       
08008018  canHandle                                                            
0800801c  gMmwL3heap                                                           
08008028  appDcanTxData                                                        
08008038  appDcanRxData                                                        
08008048  appDcanBitTimeParams                                                 
0800805c  appDcanTxCfgParams                                                   
0800808c  appDcanRxCfgParams                                                   
080080bc  appDcanCfgParams                                                     
08008104  gCQRxSatMonMemory                                                    
08008184  gCQRxSigImgMemory                                                    
08008288  gMmwMCB                                                              
08008da0  D2H_SYNC_PATTERN                                                     
08008da4  H2D_SYNC_PATTERN                                                     
08008da8  H2D_CNYS_PATTERN                                                     
08008dac  rl_txMsg                                                             
08008eac  rl_rxMsg                                                             
08009190  radarCmdString                                                       
080091f0  gCLI                                                                 
08009390  ti_sysbios_family_arm_v7r_vim_Hwi_Module_State_0_dispatchTable__A    
08009590  gCLIMMWaveOpenCfg                                                    
080095ac  gCLIMMWaveExtensionTable                                             
08009654  gCLIMMWaveControlCfg                                                 
08009720  _ftable                                                              
08009810  ti_sysbios_utils_Load_Module__state__V                               
080098a8  ti_sysbios_knl_Task_Module_State_0_readyQ__A                         
08009928  _device                                                              
080099a0  gCBUFFHwAttribute                                                    
08009a10  _stream                                                              
08009a60  gUartSciHwCfg                                                        
08009ab0  ti_sysbios_knl_Task_Object__table__V                                 
08009afc  gMailboxMCB                                                          
08009b44  ti_sysbios_knl_Task_Module__state__V                                 
08009b88  ti_sysbios_gates_GateMutex_Object__table__V                          
08009bc0  ti_sysbios_timers_rti_Timer_Object__table__V                         
08009bf8  MmwDemo_sensorStateMachine                                           
08009c08  gMmwSessionMgmtMCB                                                   
08009c2c  ti_sysbios_family_arm_v7r_vim_Hwi_Module__state__V                   
08009c60  ti_sysbios_family_arm_v7r_vim_Hwi_Object__table__V                   
08009c8c  ti_sysbios_knl_Clock_Module__state__V                                
08009cb8  gUartSciFxnTable                                                     
08009ce0  SOC_TranslateAddr_LUT                                                
08009d04  UART_config                                                          
08009d28  gHWAHwCfg                                                            
08009d4c  gMCPILogMessageSize                                                  
08009d50  testSelection                                                        
08009d54  gTxDoneFlag                                                          
08009d58  gRxDoneFlag                                                          
08009d5c  gParityErrFlag                                                       
08009d60  gTxPkts                                                              
08009d64  gRxPkts                                                              
08009d68  gErrStatusInt                                                        
08009d6c  gDisplayStats                                                        
08009d70  ti_sysbios_BIOS_Module__state__V                                     
08009d94  ti_sysbios_knl_Clock_Object__table__V                                
08009db4  xdc_runtime_Error_IgnoreBlock                                        
08009dd4  xdc_runtime_System_Module_State_0_atexitHandlers__A                  
08009df4  ti_sysbios_utils_Load_Module_State_0_taskEnv__A                      
08009e10  ADCBuf_config                                                        
08009e28  gInterleavedTransferFxn                                              
08009e40  gMailboxMssBssHwCfg                                                  
08009e58  gMultipleChirpNonInterleavedTransferFxn                              
08009e70  gNonInterleavedTransferFxn                                           
08009e88  ti_sysbios_heaps_HeapMem_Object__table__V                            
08009ea0  ti_sysbios_timers_rti_Timer_Module_State_0_device__A                 
08009eb8  ti_sysbios_family_arm_exc_Exception_Module__state__V                 
08009ecc  gCanHwCfg                                                            
08009edc  gSOCHwAttrib                                                         
08009eec  __TI_ft_end                                                          
08009ef0  __aeabi_stdin                                                        
08009ef4  __aeabi_stdout                                                       
08009ef8  __aeabi_stderr                                                       
08009efc  ti_sysbios_timers_rti_Timer_Module_State_0_intFreqs__A               
08009f0c  ti_sysbios_timers_rti_Timer_Module__state__V                         
08009f1c  __TI_cleanup_ptr                                                     
08009f20  __TI_dtors_ptr                                                       
08009f24  __TI_enable_exit_profile_output                                      
08009f28  gESMHwCfgAttrs                                                       
08009f34  ti_sysbios_family_arm_v7a_Pmu_Module__state__V                       
08009f40  _lock                                                                
08009f44  _unlock                                                              
08009f48  gGPIOHwAtrrib                                                        
08009f50  ti_sysbios_family_arm_v7r_vim_Hwi_Module__root__V                    
08009f58  ti_sysbios_gates_GateHwi_Module__root__V                             
08009f60  ti_sysbios_gates_GateMutex_Module__root__V                           
08009f68  ti_sysbios_hal_Hwi_Object__table__V                                  
08009f70  ti_sysbios_heaps_HeapMem_Module__root__V                             
08009f78  ti_sysbios_knl_Event_Module__root__V                                 
08009f80  ti_sysbios_knl_Queue_Module__root__V                                 
08009f88  ti_sysbios_knl_Semaphore_Module__root__V                             
08009f90  ti_sysbios_knl_Task_Module__root__V                                  
08009f98  ti_sysbios_timers_rti_Timer_Module_State_0_handles__A                
08009fa0  xdc_runtime_Registry_Module__state__V                                
08009fa8  xdc_runtime_Startup_Module__state__V                                 
08009fb0  xdc_runtime_System_Module__state__V                                  
08009fbc  gCRCRegister                                                         
08009fc0  regionId                                                             
08009fc4  gPinmuxRegs                                                          
08009fcc  errno                                                                
08009fd0  main_func_sp                                                         
08009fd8  ti_sysbios_family_arm_a15_TimestampProvider_Module__state__V         
08009fdc  ti_sysbios_family_arm_exc_Exception_Module_State_0_excContext__A     
08009fe0  ti_sysbios_family_arm_exc_Exception_Module_State_0_excStackBuffers__A
08009fe4  ti_sysbios_family_arm_exc_Exception_Module_State_0_excStack__A       
08009fe8  ti_sysbios_gates_GateHwi_Object__table__V                            
08009fec  ti_sysbios_heaps_HeapBuf_Module__state__V                            
08009ff0  ti_sysbios_knl_Task_Module_State_0_idleTask__A                       
08009ff4  ti_sysbios_utils_Load_Module_State_0_runningTask__A                  
08009ff8  ti_sysbios_utils_Load_Module_State_0_taskStartTime__A                
08009ffc  xdc_runtime_Memory_Module__state__V                                  
0800a000  ti_sysbios_family_arm_exc_Exception_Module_State_0_excActive__A      
0800a002  xdc_runtime_Error_Module__state__V                                   
0800a008  ti_sysbios_family_arm_exc_Exception_Module_State_0_excStack_0__A     
0800b008  ti_sysbios_knl_Task_Instance_State_0_stack__A                        
0800b328  edmaDbg                                                              
0800b5a4  __CIOBUF_                                                            
0800b6c4  gGPIOMCB                                                             
0800b7d8  gMMWave_MCB                                                          
0800b8ac  __TI_tmpnams                                                         
0800b94c  gHWADriverPtr                                                        
0800b950  gHSIHeaderMCB                                                        
0800b9d8  gEsmMCB                                                              
0800ba48  parmbuf                                                              
0800ba50  ti_sysbios_knl_Task_Instance_State_0_hookEnv__A                      
0800ba58  ti_sysbios_family_arm_v7r_vim_Hwi_Module_State_0_fiqStack__A         
0800c258  __stack                                                              
0800c708  __STACK_END                                                          
51020000  _L3ram_start                                                         
51020000  gMmwL3                                                               
51020001  MmwDemo_initTask                                                     
51020289  Mailbox_init                                                         
510202f9  MmwDemo_edmaInit                                                     
510205fd  MMWave_init                                                          
510206d9  MMWave_initLink                                                      
51020771  CRC_initConfigParams                                                 
51020785  CRC_open                                                             
5102097d  rlDevicePowerOn                                                      
52030000  gMmwHwaMemBuf                                                        
fffffdec  ti_sysbios_family_arm_v7r_vim_Hwi_vim                                
ffffffff  __TI_pprof_out_hndl                                                  
ffffffff  __TI_prof_data_size                                                  
ffffffff  __TI_prof_data_start                                                 
ffffffff  __binit__                                                            
ffffffff  __c_args__                                                           
ffffffff  binit                                                                
UNDEFED   SHT$$INIT_ARRAY$$Base                                                
UNDEFED   SHT$$INIT_ARRAY$$Limit                                               

[1188 symbols]
